Component: ARM Compiler 5.06 update 6 (build 750) Tool: armlink [4d35ed]

==============================================================================

Section Cross References

    main.o(i.HARDWARE_Init) refers to usart2.o(i.usart1_init) for usart1_init
    main.o(i.HARDWARE_Init) refers to usart2.o(i.usart2_init) for usart2_init
    main.o(i.HARDWARE_Init) refers to adc.o(i.Adc_Init) for Adc_Init
    main.o(i.HARDWARE_Init) refers to dht11.o(i.dht11_init) for dht11_init
    main.o(i.HARDWARE_Init) refers to key.o(i.KEY_EXTIX_Init) for KEY_EXTIX_Init
    main.o(i.HARDWARE_Init) refers to led.o(i.LED_GPIO_Config) for LED_GPIO_Config
    main.o(i.HARDWARE_Init) refers to motor.o(i.MOTOR_Init) for MOTOR_Init
    main.o(i.HARDWARE_Init) refers to motor.o(i.motor_off) for motor_off
    main.o(i.HARDWARE_Init) refers to oled.o(i.OLED_Init) for OLED_Init
    main.o(i.HARDWARE_Init) refers to oled.o(i.OLED_Clear) for OLED_Clear
    main.o(i.HARDWARE_Init) refers to main.o(i.ShowLog) for ShowLog
    main.o(i.HARDWARE_Init) refers to beep.o(i.BEEP_Init) for BEEP_Init
    main.o(i.ShowLog) refers to oled.o(i.OLED_Clear) for OLED_Clear
    main.o(i.ShowLog) refers to oled.o(i.OLED_ShowString) for OLED_ShowString
    main.o(i.ShowLog) refers to oled.o(i.OLED_ShowChinese) for OLED_ShowChinese
    main.o(i.ShowLog) refers to oled.o(i.OLED_Refresh) for OLED_Refresh
    main.o(i.ShowLog) refers to delay.o(i.delay_ms) for delay_ms
    main.o(i.main) refers to _printf_percent.o(.ARM.Collect$$_printf_percent$$00000000) for _printf_percent
    main.o(i.main) refers to _printf_d.o(.ARM.Collect$$_printf_percent$$00000009) for _printf_d
    main.o(i.main) refers to _printf_dec.o(.text) for _printf_int_dec
    main.o(i.main) refers to delay.o(i.delay_init) for delay_init
    main.o(i.main) refers to main.o(i.HARDWARE_Init) for HARDWARE_Init
    main.o(i.main) refers to noretval__2printf.o(.text) for __2printf
    main.o(i.main) refers to motor.o(i.water) for water
    main.o(i.main) refers to adc.o(i.adc_display) for adc_display
    main.o(i.main) refers to dht11.o(i.DTH11_display) for DTH11_display
    main.o(i.main) refers to usart2.o(i.usart2_ctl) for usart2_ctl
    main.o(i.main) refers to usart2.o(.data) for water_set
    system_stm32f10x.o(i.SystemCoreClockUpdate) refers to system_stm32f10x.o(.data) for .data
    system_stm32f10x.o(i.SystemInit) refers to system_stm32f10x.o(i.SetSysClockTo72) for SetSysClockTo72
    led.o(i.LED_GPIO_Config) refers to stm32f10x_rcc.o(i.RCC_APB2PeriphClockCmd) for RCC_APB2PeriphClockCmd
    led.o(i.LED_GPIO_Config) refers to stm32f10x_gpio.o(i.GPIO_Init) for GPIO_Init
    led.o(i.LED_GPIO_Config) refers to stm32f10x_gpio.o(i.GPIO_SetBits) for GPIO_SetBits
    oled.o(i.I2C_Start) refers to stm32f10x_gpio.o(i.GPIO_SetBits) for GPIO_SetBits
    oled.o(i.I2C_Start) refers to oled.o(i.IIC_delay) for IIC_delay
    oled.o(i.I2C_Start) refers to stm32f10x_gpio.o(i.GPIO_ResetBits) for GPIO_ResetBits
    oled.o(i.I2C_Stop) refers to stm32f10x_gpio.o(i.GPIO_ResetBits) for GPIO_ResetBits
    oled.o(i.I2C_Stop) refers to stm32f10x_gpio.o(i.GPIO_SetBits) for GPIO_SetBits
    oled.o(i.I2C_Stop) refers to oled.o(i.IIC_delay) for IIC_delay
    oled.o(i.I2C_WaitAck) refers to stm32f10x_gpio.o(i.GPIO_SetBits) for GPIO_SetBits
    oled.o(i.I2C_WaitAck) refers to oled.o(i.IIC_delay) for IIC_delay
    oled.o(i.I2C_WaitAck) refers to stm32f10x_gpio.o(i.GPIO_ResetBits) for GPIO_ResetBits
    oled.o(i.OLED_Clear) refers to oled.o(i.OLED_Refresh) for OLED_Refresh
    oled.o(i.OLED_Clear) refers to oled.o(.bss) for .bss
    oled.o(i.OLED_ColorTurn) refers to oled.o(i.OLED_WR_Byte) for OLED_WR_Byte
    oled.o(i.OLED_DisPlay_Off) refers to oled.o(i.OLED_WR_Byte) for OLED_WR_Byte
    oled.o(i.OLED_DisPlay_On) refers to oled.o(i.OLED_WR_Byte) for OLED_WR_Byte
    oled.o(i.OLED_DisplayTurn) refers to oled.o(i.OLED_WR_Byte) for OLED_WR_Byte
    oled.o(i.OLED_DrawCircle) refers to oled.o(i.OLED_DrawPoint) for OLED_DrawPoint
    oled.o(i.OLED_DrawLine) refers to oled.o(i.OLED_DrawPoint) for OLED_DrawPoint
    oled.o(i.OLED_DrawPoint) refers to oled.o(.bss) for .bss
    oled.o(i.OLED_Init) refers to stm32f10x_rcc.o(i.RCC_APB2PeriphClockCmd) for RCC_APB2PeriphClockCmd
    oled.o(i.OLED_Init) refers to stm32f10x_gpio.o(i.GPIO_Init) for GPIO_Init
    oled.o(i.OLED_Init) refers to stm32f10x_gpio.o(i.GPIO_SetBits) for GPIO_SetBits
    oled.o(i.OLED_Init) refers to stm32f10x_gpio.o(i.GPIO_ResetBits) for GPIO_ResetBits
    oled.o(i.OLED_Init) refers to delay.o(i.delay_ms) for delay_ms
    oled.o(i.OLED_Init) refers to oled.o(i.OLED_WR_Byte) for OLED_WR_Byte
    oled.o(i.OLED_Init) refers to oled.o(i.OLED_Clear) for OLED_Clear
    oled.o(i.OLED_Refresh) refers to oled.o(i.OLED_WR_Byte) for OLED_WR_Byte
    oled.o(i.OLED_Refresh) refers to oled.o(i.I2C_Start) for I2C_Start
    oled.o(i.OLED_Refresh) refers to oled.o(i.Send_Byte) for Send_Byte
[...]
    .text                                    0x0800031c   Section        0  _printf_dec.o(.text)
    .text                                    0x08000394   Section        0  __printf_wp.o(.text)
    .text                                    0x080004a2   Section        0  atoi.o(.text)
    .text                                    0x080004bc   Section        0  strtok.o(.text)
    .text                                    0x080004c8   Section        0  strstr.o(.text)
    .text                                    0x080004ec   Section      100  rt_memcpy_w.o(.text)
    .text                                    0x08000550   Section       78  rt_memclr_w.o(.text)
    .text                                    0x0800059e   Section        0  heapauxi.o(.text)
    .text                                    0x080005a4   Section        8  rt_errno_addr_intlibspace.o(.text)
    .text                                    0x080005ac   Section        0  _printf_intcommon.o(.text)
    .text                                    0x0800065e   Section        0  _printf_fp_dec.o(.text)
    _fp_digits                               0x08000661   Thumb Code   432  _printf_fp_dec.o(.text)
    .text                                    0x08000a7c   Section        0  _printf_char_common.o(.text)
    _printf_input_char                       0x08000a7d   Thumb Code    10  _printf_char_common.o(.text)
    .text                                    0x08000aac   Section        0  _sputc.o(.text)
    .text                                    0x08000ab6   Section        0  _printf_char.o(.text)
    .text                                    0x08000ae4   Section        0  _printf_char_file.o(.text)
    .text                                    0x08000b08   Section        0  strtol.o(.text)
    .text                                    0x08000b78   Section        0  strtok_int.o(.text)
    .text                                    0x08000bbc   Section        8  libspace.o(.text)
    .text                                    0x08000bc4   Section       16  rt_ctype_table.o(.text)
    .text                                    0x08000bd4   Section        8  rt_locale_intlibspace.o(.text)
    .text                                    0x08000bdc   Section      138  lludiv10.o(.text)
    .text                                    0x08000c68   Section        0  _printf_fp_infnan.o(.text)
    .text                                    0x08000ce8   Section        0  _strtoul.o(.text)
    .text                                    0x08000d88   Section        0  bigflt0.o(.text)
    .text                                    0x08000e6c   Section        0  ferror.o(.text)
    .text                                    0x08000e74   Section        0  strcspn.o(.text)
    .text                                    0x08000e94   Section        0  strspn.o(.text)
    .text                                    0x08000eb0   Section       74  sys_stackheap_outer.o(.text)
    .text                                    0x08000efa   Section        0  _chval.o(.text)
    .text                                    0x08000f16   Section        0  exit.o(.text)
    .text                                    0x08000f28   Section      128  strcmpv7m.o(.text)
    CL$$btod_d2e                             0x08000fa8   Section       62  btod.o(CL$$btod_d2e)
    CL$$btod_d2e_denorm_low                  0x08000fe6   Section       70  btod.o(CL$$btod_d2e_denorm_low)
    CL$$btod_d2e_norm_op1                    0x0800102c   Section       96  btod.o(CL$$btod_d2e_norm_op1)
    CL$$btod_div_common                      0x0800108c   Section      824  btod.o(CL$$btod_div_common)
    CL$$btod_e2e                             0x080013c4   Section      220  btod.o(CL$$btod_e2e)
    CL$$btod_ediv                            0x080014a0   Section       42  btod.o(CL$$btod_ediv)
    CL$$btod_emul                            0x080014ca   Section       42  btod.o(CL$$btod_emul)
    CL$$btod_mult_common                     0x080014f4   Section      580  btod.o(CL$$btod_mult_common)
    i.ADC_Cmd                                0x08001738   Section        0  stm32f10x_adc.o(i.ADC_Cmd)
    i.ADC_DeInit                             0x0800174c   Section        0  stm32f10x_adc.o(i.ADC_DeInit)
    i.ADC_GetCalibrationStatus               0x08001790   Section        0  stm32f10x_adc.o(i.ADC_GetCalibrationStatus)
    i.ADC_GetConversionValue                 0x0800179e   Section        0  stm32f10x_adc.o(i.ADC_GetConversionValue)
    i.ADC_GetFlagStatus                      0x080017a4   Section        0  stm32f10x_adc.o(i.ADC_GetFlagStatus)
    i.ADC_GetResetCalibrationStatus          0x080017b2   Section        0  stm32f10x_adc.o(i.ADC_GetResetCalibrationStatus)
    i.ADC_Init                               0x080017c0   Section        0  stm32f10x_adc.o(i.ADC_Init)
    i.ADC_RegularChannelConfig               0x08001808   Section        0  stm32f10x_adc.o(i.ADC_RegularChannelConfig)
    i.ADC_ResetCalibration                   0x0800187c   Section        0  stm32f10x_adc.o(i.ADC_ResetCalibration)
    i.ADC_SoftwareStartConvCmd               0x08001886   Section        0  stm32f10x_adc.o(i.ADC_SoftwareStartConvCmd)
    i.ADC_StartCalibration                   0x0800189a   Section        0  stm32f10x_adc.o(i.ADC_StartCalibration)
    i.Adc_Init                               0x080018a4   Section        0  adc.o(i.Adc_Init)
    i.BEEP_Init                              0x0800192c   Section        0  beep.o(i.BEEP_Init)
    i.BusFault_Handler                       0x08001960   Section        0  stm32f10x_it.o(i.BusFault_Handler)
    i.DTH11_display                          0x08001964   Section        0  dht11.o(i.DTH11_display)
    i.DebugMon_Handler                       0x08001a1c   Section        0  stm32f10x_it.o(i.DebugMon_Handler)
    i.EXTI0_IRQHandler                       0x08001a1e   Section        0  key.o(i.EXTI0_IRQHandler)
    i.EXTI_ClearITPendingBit                 0x08001a48   Section        0  stm32f10x_exti.o(i.EXTI_ClearITPendingBit)
    i.EXTI_GetITStatus                       0x08001a54   Section        0  stm32f10x_exti.o(i.EXTI_GetITStatus)
    i.EXTI_Init                              0x08001a74   Section        0  stm32f10x_exti.o(i.EXTI_Init)
    i.GPIO_EXTILineConfig                    0x08001ae4   Section        0  stm32f10x_gpio.o(i.GPIO_EXTILineConfig)
    i.GPIO_Init                              0x08001b0c   Section        0  stm32f10x_gpio.o(i.GPIO_Init)
    i.GPIO_ReadInputDataBit                  0x08001ba8   Section        0  stm32f10x_gpio.o(i.GPIO_ReadInputDataBit)
    i.GPIO_ResetBits                         0x08001bb6   Section        0  stm32f10x_gpio.o(i.GPIO_ResetBits)
    i.GPIO_SetBits                           0x08001bba   Section        0  stm32f10x_gpio.o(i.GPIO_SetBits)
    i.Get_Adc                                0x08001bc0   Section        0  adc.o(i.Get_Adc)
    i.Get_Adc_Average                        0x08001bf4   Section        0  adc.o(i.Get_Adc_Average)
    i.HARDWARE_Init                          0x08001c54   Section        0  main.o(i.HARDWARE_Init)
    i.HardFault_Handler                      0x08001c96   Section        0  stm32f10x_it.o(i.HardFault_Handler)
    i.I2C_Start                              0x08001c98   Section        0  oled.o(i.I2C_Start)
    i.I2C_Stop                               0x08001cd0   Section        0  oled.o(i.I2C_Stop)
    i.I2C_WaitAck                            0x08001cf8   Section        0  oled.o(i.I2C_WaitAck)
    i.IIC_delay                              0x08001d28   Section        0  oled.o(i.IIC_delay)
    i.KEY_EXTIX_Init                         0x08001d34   Section        0  key.o(i.KEY_EXTIX_Init)
    i.LED_GPIO_Config                        0x08001d98   Section        0  led.o(i.LED_GPIO_Config)
    i.MOTOR_Init                             0x08001dd0   Section        0  motor.o(i.MOTOR_Init)
    i.MemManage_Handler                      0x08001e08   Section        0  stm32f10x_it.o(i.MemManage_Handler)
    i.NMI_Handler                            0x08001e0a   Section        0  stm32f10x_it.o(i.NMI_Handler)
    i.NVIC_Init                              0x08001e0c   Section        0  misc.o(i.NVIC_Init)
    i.NVIC_PriorityGroupConfig               0x08001e70   Section        0  misc.o(i.NVIC_PriorityGroupConfig)
    i.OLED_Clear                             0x08001e84   Section        0  oled.o(i.OLED_Clear)
    i.OLED_DrawPoint                         0x08001eb0   Section        0  oled.o(i.OLED_DrawPoint)
    i.OLED_Init                              0x08001edc   Section        0  oled.o(i.OLED_Init)
    i.OLED_Pow                               0x08002020   Section        0  oled.o(i.OLED_Pow)
    i.OLED_Refresh                           0x08002030   Section        0  oled.o(i.OLED_Refresh)
    i.OLED_ShowChar                          0x08002094   Section        0  oled.o(i.OLED_ShowChar)
    i.OLED_ShowChinese                       0x08002170   Section        0  oled.o(i.OLED_ShowChinese)
    i.OLED_ShowNum                           0x08002230   Section        0  oled.o(i.OLED_ShowNum)
    i.OLED_ShowPicture                       0x0800229e   Section        0  oled.o(i.OLED_ShowPicture)
    i.OLED_ShowString                        0x08002338   Section        0  oled.o(i.OLED_ShowString)
    i.OLED_WR_Byte                           0x08002374   Section        0  oled.o(i.OLED_WR_Byte)
    i.PendSV_Handler                         0x080023aa   Section        0  stm32f10x_it.o(i.PendSV_Handler)
    i.RCC_ADCCLKConfig                       0x080023ac   Section        0  stm32f10x_rcc.o(i.RCC_ADCCLKConfig)
    i.RCC_APB1PeriphClockCmd                 0x080023c0   Section        0  stm32f10x_rcc.o(i.RCC_APB1PeriphClockCmd)
    i.RCC_APB2PeriphClockCmd                 0x080023d8   Section        0  stm32f10x_rcc.o(i.RCC_APB2PeriphClockCmd)
    i.RCC_APB2PeriphResetCmd                 0x080023f0   Section        0  stm32f10x_rcc.o(i.RCC_APB2PeriphResetCmd)
    i.RCC_GetClocksFreq                      0x08002408   Section        0  stm32f10x_rcc.o(i.RCC_GetClocksFreq)
    i.SVC_Handler                            0x0800249c   Section        0  stm32f10x_it.o(i.SVC_Handler)
    i.Send_Byte                              0x080024a0   Section        0  oled.o(i.Send_Byte)
    i.SetSysClockTo72                        0x080024e8   Section        0  system_stm32f10x.o(i.SetSysClockTo72)
    SetSysClockTo72                          0x080024e9   Thumb Code   160  system_stm32f10x.o(i.SetSysClockTo72)
    i.ShowLog                                0x08002590   Section        0  main.o(i.ShowLog)
    i.Sound                                  0x08002638   Section        0  beep.o(i.Sound)
    i.SysTick_CLKSourceConfig                0x08002674   Section        0  misc.o(i.SysTick_CLKSourceConfig)
    i.SysTick_Handler                        0x0800268c   Section        0  stm32f10x_it.o(i.SysTick_Handler)
    i.SystemInit                             0x08002690   Section        0  system_stm32f10x.o(i.SystemInit)
    i.USART1_IRQHandler                      0x080026e0   Section        0  usart2.o(i.USART1_IRQHandler)
    i.USART2_IRQHandler                      0x08002744   Section        0  usart2.o(i.USART2_IRQHandler)
    i.USART_ClearFlag                        0x080027b8   Section        0  stm32f10x_usart.o(i.USART_ClearFlag)
    i.USART_ClearITPendingBit                0x080027be   Section        0  stm32f10x_usart.o(i.USART_ClearITPendingBit)
    i.USART_Cmd                              0x080027ca   Section        0  stm32f10x_usart.o(i.USART_Cmd)
    i.USART_GetFlagStatus                    0x080027de   Section        0  stm32f10x_usart.o(i.USART_GetFlagStatus)
    i.USART_GetITStatus                      0x080027ec   Section        0  stm32f10x_usart.o(i.USART_GetITStatus)
    i.USART_ITConfig                         0x0800282a   Section        0  stm32f10x_usart.o(i.USART_ITConfig)
    i.USART_Init                             0x0800285c   Section        0  stm32f10x_usart.o(i.USART_Init)
    i.USART_ReceiveData                      0x08002908   Section        0  stm32f10x_usart.o(i.USART_ReceiveData)
    i.USART_SendData                         0x08002910   Section        0  stm32f10x_usart.o(i.USART_SendData)
    i.UsageFault_Handler                     0x08002918   Section        0  stm32f10x_it.o(i.UsageFault_Handler)
    i.__ARM_fpclassify                       0x0800291a   Section        0  fpclassify.o(i.__ARM_fpclassify)
    i._is_digit                              0x08002942   Section        0  __printf_wp.o(i._is_digit)
    i._sys_exit                              0x08002950   Section        0  usart2.o(i._sys_exit)
    i.adc_display                            0x08002954   Section        0  adc.o(i.adc_display)
    i.beep_on1                               0x08002a4c   Section        0  beep.o(i.beep_on1)
    i.delay_init                             0x08002ac8   Section        0  delay.o(i.delay_init)
    i.delay_ms                               0x08002b04   Section        0  delay.o(i.delay_ms)
    i.delay_us                               0x08002b38   Section        0  delay.o(i.delay_us)
    i.dht11_get_val                          0x08002b6c   Section        0  dht11.o(i.dht11_get_val)
    i.dht11_gpio_input                       0x08002c34   Section        0  dht11.o(i.dht11_gpio_input)
    i.dht11_gpio_output                      0x08002c5c   Section        0  dht11.o(i.dht11_gpio_output)
    i.dht11_init                             0x08002c88   Section        0  dht11.o(i.dht11_init)
    i.dht11_read_bit                         0x08002ca8   Section        0  dht11.o(i.dht11_read_bit)
    i.dht11_read_byte                        0x08002ce8   Section        0  dht11.o(i.dht11_read_byte)
    i.dht11_read_data                        0x08002d08   Section        0  dht11.o(i.dht11_read_data)
    i.dht11_reset                            0x08002d70   Section        0  dht11.o(i.dht11_reset)
    i.dht11_scan                             0x08002da4   Section        0  dht11.o(i.dht11_scan)
    i.fputc                                  0x08002db4   Section        0  usart2.o(i.fputc)
    i.main                                   0x08002de0   Section        0  main.o(i.main)
    i.motor_off                              0x08002e30   Section        0  motor.o(i.motor_off)
    i.motor_on                               0x08002e40   Section        0  motor.o(i.motor_on)
    i.usart1_init                            0x08002e50   Section        0  usart2.o(i.usart1_init)
    i.usart2_ctl                             0x08002ee8   Section        0  usart2.o(i.usart2_ctl)
    i.usart2_init                            0x08003014   Section        0  usart2.o(i.usart2_init)
    i.usart2_send_str                        0x080030a8   Section        0  usart2.o(i.usart2_send_str)
    i.water                                  0x080030d8   Section        0  motor.o(i.water)
    locale$$code                             0x0800312c   Section       44  lc_numeric_c.o(locale$$code)
    locale$$code                             0x08003158   Section       44  lc_ctype_c.o(locale$$code)
    x$fpl$dretinf                            0x08003184   Section       12  dretinf.o(x$fpl$dretinf)
    x$fpl$f2d                                0x08003190   Section       86  f2d.o(x$fpl$f2d)
    x$fpl$fadd                               0x080031e8   Section      196  faddsub_clz.o(x$fpl$fadd)
    _fadd1                                   0x080031f7   Thumb Code     0  faddsub_clz.o(x$fpl$fadd)
    x$fpl$fdiv                               0x080032ac   Section      388  fdiv.o(x$fpl$fdiv)
    _fdiv1                                   0x080032ad   Thumb Code     0  fdiv.o(x$fpl$fdiv)
    x$fpl$ffix                               0x08003430   Section       54  ffix.o(x$fpl$ffix)
    x$fpl$ffltu                              0x08003468   Section       38  fflt_clz.o(x$fpl$ffltu)
    x$fpl$fmul                               0x08003490   Section      258  fmul.o(x$fpl$fmul)
    x$fpl$fnaninf                            0x08003592   Section      140  fnaninf.o(x$fpl$fnaninf)
    x$fpl$fretinf                            0x0800361e   Section       10  fretinf.o(x$fpl$fretinf)
    x$fpl$fsub                               0x08003628   Section      234  faddsub_clz.o(x$fpl$fsub)
    _fsub1                                   0x08003637   Thumb Code     0  faddsub_clz.o(x$fpl$fsub)
    x$fpl$printf1                            0x08003712   Section        4  printf1.o(x$fpl$printf1)
    .constdata                               0x08003716   Section     8000  oled.o(.constdata)
    x$fpl$usenofp                            0x08003716   Section        0  usenofp.o(x$fpl$usenofp)
    .constdata                               0x08005658   Section       84  beep.o(.constdata)
    .constdata                               0x080056ac   Section      148  bigflt0.o(.constdata)
    tenpwrs_x                                0x080056ac   Data          60  bigflt0.o(.constdata)
    tenpwrs_i                                0x080056e8   Data          64  bigflt0.o(.constdata)
    locale$$data                             0x08005760   Section       28  lc_numeric_c.o(locale$$data)
    __lcnum_c_name                           0x08005764   Data           2  lc_numeric_c.o(locale$$data)
    __lcnum_c_start                          0x0800576c   Data           0  lc_numeric_c.o(locale$$data)
    __lcnum_c_point                          0x08005778   Data           0  lc_numeric_c.o(locale$$data)
    __lcnum_c_thousands                      0x0800577a   Data           0  lc_numeric_c.o(locale$$data)
    __lcnum_c_grouping                       0x0800577b   Data           0  lc_numeric_c.o(locale$$data)
    locale$$data                             0x0800577c   Section      272  lc_ctype_c.o(locale$$data)
    __lcnum_c_end                            0x0800577c   Data           0  lc_numeric_c.o(locale$$data)
    __lcctype_c_name                         0x08005780   Data           2  lc_ctype_c.o(locale$$data)
    __lcctype_c_start                        0x08005788   Data           0  lc_ctype_c.o(locale$$data)
    __lcctype_c_end                          0x0800588c   Data           0  lc_ctype_c.o(locale$$data)
    .data                                    0x20000000   Section       20  system_stm32f10x.o(.data)
    .data                                    0x20000014   Section       16  key.o(.data)
    .data                                    0x20000024   Section       24  usart2.o(.data)
    g_usart_event                            0x20000024   Data           4  usart2.o(.data)
    i                                        0x20000028   Data           4  usart2.o(.data)
    j                                        0x2000002c   Data           4  usart2.o(.data)
    GPIO_InitStructure                       0x20000030   Data           4  usart2.o(.data)
    NVIC_InitStructure                       0x20000034   Data           4  usart2.o(.data)
    .data                                    0x2000003c   Section        4  usart2.o(.data)
    .data                                    0x20000040   Section       12  adc.o(.data)
    .data                                    0x2000004c   Section       10  dht11.o(.data)
    .data                                    0x20000056   Section     1024  motor.o(.data)
    .data                                    0x20000456   Section        4  delay.o(.data)
    fac_us                                   0x20000456   Data           1  delay.o(.data)
    fac_ms                                   0x20000458   Data           2  delay.o(.data)
    .data                                    0x2000045a   Section       20  stm32f10x_rcc.o(.data)
    ADCPrescTable                            0x2000045a   Data           4  stm32f10x_rcc.o(.data)
    APBAHBPrescTable                         0x2000045e   Data          16  stm32f10x_rcc.o(.data)
    .data                                    0x20000470   Section        4  strtok.o(.data)
    _strtok_saves1                           0x20000470   Data           4  strtok.o(.data)
    .bss                                     0x20000474   Section     1152  oled.o(.bss)
    .bss                                     0x200008f4   Section       48  usart2.o(.bss)
    g_usart_buf                              0x200008f4   Data          32  usart2.o(.bss)
    USART_InitStructure                      0x20000914   Data          16  usart2.o(.bss)
    .bss                                     0x20000924   Section       96  libspace.o(.bss)
    HEAP                                     0x20000988   Section      512  startup_stm32f10x_md.o(HEAP)
    Heap_Mem                                 0x20000988   Data         512  startup_stm32f10x_md.o(HEAP)
    STACK                                    0x20000b88   Section     1024  startup_stm32f10x_md.o(STACK)
    Stack_Mem                                0x20000b88   Data        1024  startup_stm32f10x_md.o(STACK)
    __initial_sp                             0x20000f88   Data           0  startup_stm32f10x_md.o(STACK)

    Global Symbols

    Symbol Name                              Value     Ov Type        Size  Object(Section)

    BuildAttributes$$THM_ISAv4$P$D$K$B$S$PE$A:L22UL41UL21$X:L11$S22US41US21$IEEE1$IW$USESV6$~STKCKD$USESV7$~SHL$OTIME$ROPI$IEEEJ$EBA8$UX$STANDARDLIB$REQ8$PRES8$EABIv2 0x00000000   Number         0  anon$$obj.o ABSOLUTE
    __ARM_use_no_argv                        0x00000000   Number         0  main.o ABSOLUTE
    _printf_flags                            0x00000000   Number         0  printf_stubs.o ABSOLUTE
    _printf_return_value                     0x00000000   Number         0  printf_stubs.o ABSOLUTE
    _printf_sizespec                         0x00000000   Number         0  printf_stubs.o ABSOLUTE
    _printf_widthprec                        0x00000000   Number         0  printf_stubs.o ABSOLUTE
    __ARM_exceptions_init                     - Undefined Weak Reference
    __alloca_initialize                       - Undefined Weak Reference
    __arm_preinit_                            - Undefined Weak Reference
    __cpp_initialize__aeabi_                  - Undefined Weak Reference
    __cxa_finalize                            - Undefined Weak Reference
    __sigvec_lookup                           - Undefined Weak Reference
    _atexit_init                              - Undefined Weak Reference
    _call_atexit_fns                          - Undefined Weak Reference
    _clock_init                               - Undefined Weak Reference
    _fp_trap_init                             - Undefined Weak Reference
    _fp_trap_shutdown                         - Undefined Weak Reference
    _get_lc_collate                           - Undefined Weak Reference
    _get_lc_monetary                          - Undefined Weak Reference
    _get_lc_time                              - Undefined Weak Reference
    _getenv_init                              - Undefined Weak Reference
    _handle_redirection                       - Undefined Weak Reference
    _init_alloc                               - Undefined Weak Reference
    _init_user_alloc                          - Undefined Weak Reference
    _initio                                   - Undefined Weak Reference
    _mutex_acquire                            - Undefined Weak Reference
    _mutex_release                            - Undefined Weak Reference
    _printf_mbtowc                            - Undefined Weak Reference
    _printf_truncate_signed                   - Undefined Weak Reference
    _printf_truncate_unsigned                 - Undefined Weak Reference
    _rand_init                                - Undefined Weak Reference
    _signal_finish                            - Undefined Weak Reference
    _signal_init                              - Undefined Weak Reference
    _terminate_alloc                          - Undefined Weak Reference
    _terminate_user_alloc                     - Undefined Weak Reference
    _terminateio                              - Undefined Weak Reference
    __Vectors_Size                           0x000000ec   Number         0  startup_stm32f10x_md.o ABSOLUTE
    __Vectors                                0x08000000   Data           4  startup_stm32f10x_md.o(RESET)
    __Vectors_End                            0x080000ec   Data           0  startup_stm32f10x_md.o(RESET)
    __main                                   0x080000ed   Thumb Code     8  __main.o(!!!main)
    __scatterload                            0x080000f5   Thumb Code     0  __scatter.o(!!!scatter)
    __scatterload_rt2                        0x080000f5   Thumb Code    44  __scatter.o(!!!scatter)
    __scatterload_rt2_thumb_only             0x080000f5   Thumb Code     0  __scatter.o(!!!scatter)
    __scatterload_null                       0x08000103   Thumb Code     0  __scatter.o(!!!scatter)
    __decompress                             0x08000129   Thumb Code    90  __dczerorl2.o(!!dczerorl2)
    __decompress1                            0x08000129   Thumb Code     0  __dczerorl2.o(!!dczerorl2)
    __scatterload_zeroinit                   0x08000185   Thumb Code    28  __scatter_zi.o(!!handler_zi)
    _printf_f                                0x080001a1   Thumb Code     0  _printf_f.o(.ARM.Collect$$_printf_percent$$00000003)
    _printf_percent                          0x080001a1   Thumb Code     0  _printf_percent.o(.ARM.Collect$$_printf_percent$$00000000)
    _printf_d                                0x080001a7   Thumb Code     0  _printf_d.o(.ARM.Collect$$_printf_percent$$00000009)
    _printf_s                                0x080001ad   Thumb Code     0  _printf_s.o(.ARM.Collect$$_printf_percent$$00000014)
    _printf_percent_end                      0x080001b3   Thumb Code     0  _printf_percent_end.o(.ARM.Collect$$_printf_percent$$00000017)
    __rt_lib_init                            0x080001b7   Thumb Code     0  libinit.o(.ARM.Collect$$libinit$$00000000)
    __rt_lib_init_fp_1                       0x080001b9   Thumb Code     0  libinit2.o(.ARM.Collect$$libinit$$00000002)
    __rt_lib_init_heap_1                     0x080001b9   Thumb Code     0  libinit2.o(.ARM.Collect$$libinit$$0000000A)
    __rt_lib_init_lc_common                  0x080001b9   Thumb Code     0  libinit2.o(.ARM.Collect$$libinit$$0000000F)
    __rt_lib_init_preinit_1                  0x080001b9   Thumb Code     0  libinit2.o(.ARM.Collect$$libinit$$00000004)
    __rt_lib_init_rand_1                     0x080001b9   Thumb Code     0  libinit2.o(.ARM.Collect$$libinit$$0000000E)
    __rt_lib_init_user_alloc_1               0x080001b9   Thumb Code     0  libinit2.o(.ARM.Collect$$libinit$$0000000C)
    __rt_lib_init_lc_collate_1               0x080001bf   Thumb Code     0  libinit2.o(.ARM.Collect$$libinit$$00000011)
    __rt_lib_init_lc_ctype_2                 0x080001bf   Thumb Code     0  libinit2.o(.ARM.Collect$$libinit$$00000012)
    __rt_lib_init_lc_ctype_1                 0x080001cb   Thumb Code     0  libinit2.o(.ARM.Collect$$libinit$$00000013)
    __rt_lib_init_lc_monetary_1              0x080001cb   Thumb Code     0  libinit2.o(.ARM.Collect$$libinit$$00000015)
    __rt_lib_init_lc_numeric_2               0x080001cb   Thumb Code     0  libinit2.o(.ARM.Collect$$libinit$$00000016)
    __rt_lib_init_alloca_1                   0x080001d5   Thumb Code     0  libinit2.o(.ARM.Collect$$libinit$$0000002E)
    __rt_lib_init_argv_1                     0x080001d5   Thumb Code     0  libinit2.o(.ARM.Collect$$libinit$$0000002C)
    __rt_lib_init_atexit_1                   0x080001d5   Thumb Code     0  libinit2.o(.ARM.Collect$$libinit$$0000001B)
    __rt_lib_init_clock_1                    0x080001d5   Thumb Code     0  libinit2.o(.ARM.Collect$$libinit$$00000021)
    __rt_lib_init_cpp_1                      0x080001d5   Thumb Code     0  libinit2.o(.ARM.Collect$$libinit$$00000032)
    __rt_lib_init_exceptions_1               0x080001d5   Thumb Code     0  libinit2.o(.ARM.Collect$$libinit$$00000030)
    __rt_lib_init_fp_trap_1                  0x080001d5   Thumb Code     0  libinit2.o(.ARM.Collect$$libinit$$0000001F)
    __rt_lib_init_getenv_1                   0x080001d5   Thumb Code     0  libinit2.o(.ARM.Collect$$libinit$$00000023)
    __rt_lib_init_lc_numeric_1               0x080001d5   Thumb Code     0  libinit2.o(.ARM.Collect$$libinit$$00000017)
    __rt_lib_init_lc_time_1                  0x080001d5   Thumb Code     0  libinit2.o(.ARM.Collect$$libinit$$00000019)
    __rt_lib_init_return                     0x080001d5   Thumb Code     0  libinit2.o(.ARM.Collect$$libinit$$00000033)
    __rt_lib_init_signal_1                   0x080001d5   Thumb Code     0  libinit2.o(.ARM.Collect$$libinit$$0000001D)
    __rt_lib_init_stdio_1                    0x080001d5   Thumb Code     0  libinit2.o(.ARM.Collect$$libinit$$00000025)
    __rt_lib_shutdown                        0x080001d7   Thumb Code     0  libshutdown.o(.ARM.Collect$$libshutdown$$00000000)
    __rt_lib_shutdown_cpp_1                  0x080001d9   Thumb Code     0  libshutdown2.o(.ARM.Collect$$libshutdown$$00000002)
    __rt_lib_shutdown_fp_trap_1              0x080001d9   Thumb Code     0  libshutdown2.o(.ARM.Collect$$libshutdown$$00000007)
    __rt_lib_shutdown_heap_1                 0x080001d9   Thumb Code     0  libshutdown2.o(.ARM.Collect$$libshutdown$$0000000F)
    __rt_lib_shutdown_return                 0x080001d9   Thumb Code     0  libshutdown2.o(.ARM.Collect$$libshutdown$$00000010)
    __rt_lib_shutdown_signal_1               0x080001d9   Thumb Code     0  libshutdown2.o(.ARM.Collect$$libshutdown$$0000000A)
    __rt_lib_shutdown_stdio_1                0x080001d9   Thumb Code     0  libshutdown2.o(.ARM.Collect$$libshutdown$$00000004)
    __rt_lib_shutdown_user_alloc_1           0x080001d9   Thumb Code     0  libshutdown2.o(.ARM.Collect$$libshutdown$$0000000C)
    __rt_entry                               0x080001db   Thumb Code     0  __rtentry.o(.ARM.Collect$$rtentry$$00000000)
    __rt_entry_presh_1                       0x080001db   Thumb Code     0  __rtentry2.o(.ARM.Collect$$rtentry$$00000002)
    __rt_entry_sh                            0x080001db   Thumb Code     0  __rtentry4.o(.ARM.Collect$$rtentry$$00000004)
    __rt_entry_li                            0x080001e1   Thumb Code     0  __rtentry2.o(.ARM.Collect$$rtentry$$0000000A)
    __rt_entry_postsh_1                      0x080001e1   Thumb Code     0  __rtentry2.o(.ARM.Collect$$rtentry$$00000009)
    __rt_entry_main                          0x080001e5   Thumb Code     0  __rtentry2.o(.ARM.Collect$$rtentry$$0000000D)
    __rt_entry_postli_1                      0x080001e5   Thumb Code     0  __rtentry2.o(.ARM.Collect$$rtentry$$0000000C)
    __rt_exit                                0x080001ed   Thumb Code     0  rtexit.o(.ARM.Collect$$rtexit$$00000000)
    __rt_exit_ls                             0x080001ef   Thumb Code     0  rtexit2.o(.ARM.Collect$$rtexit$$00000003)
    __rt_exit_prels_1                        0x080001ef   Thumb Code     0  rtexit2.o(.ARM.Collect$$rtexit$$00000002)
    __rt_exit_exit                           0x080001f3   Thumb Code     0  rtexit2.o(.ARM.Collect$$rtexit$$00000004)
    Reset_Handler                            0x080001f9   Thumb Code     8  startup_stm32f10x_md.o(.text)
    ADC1_2_IRQHandler                        0x08000213   Thumb Code     0  startup_stm32f10x_md.o(.text)
    CAN1_RX1_IRQHandler                      0x08000213   Thumb Code     0  startup_stm32f10x_md.o(.text)
    CAN1_SCE_IRQHandler                      0x08000213   Thumb Code     0  startup_stm32f10x_md.o(.text)
    DMA1_Channel1_IRQHandler                 0x08000213   Thumb Code     0  startup_stm32f10x_md.o(.text)
    DMA1_Channel2_IRQHandler                 0x08000213   Thumb Code     0  startup_stm32f10x_md.o(.text)
    DMA1_Channel3_IRQHandler                 0x08000213   Thumb Code     0  startup_stm32f10x_md.o(.text)
    DMA1_Channel4_IRQHandler                 0x08000213   Thumb Code     0  startup_stm32f10x_md.o(.text)
    DMA1_Channel5_IRQHandler                 0x08000213   Thumb Code     0  startup_stm32f10x_md.o(.text)
    DMA1_Channel6_IRQHandler                 0x08000213   Thumb Code     0  startup_stm32f10x_md.o(.text)
    DMA1_Channel7_IRQHandler                 0x08000213   Thumb Code     0  startup_stm32f10x_md.o(.text)
    EXTI15_10_IRQHandler                     0x08000213   Thumb Code     0  startup_stm32f10x_md.o(.text)
    EXTI1_IRQHandler                         0x08000213   Thumb Code     0  startup_stm32f10x_md.o(.text)
    EXTI2_IRQHandler                         0x08000213   Thumb Code     0  startup_stm32f10x_md.o(.text)
    EXTI3_IRQHandler                         0x08000213   Thumb Code     0  startup_stm32f10x_md.o(.text)
    EXTI4_IRQHandler                         0x08000213   Thumb Code     0  startup_stm32f10x_md.o(.text)
    EXTI9_5_IRQHandler                       0x08000213   Thumb Code     0  startup_stm32f10x_md.o(.text)
    FLASH_IRQHandler                         0x08000213   Thumb Code     0  startup_stm32f10x_md.o(.text)
    I2C1_ER_IRQHandler                       0x08000213   Thumb Code     0  startup_stm32f10x_md.o(.text)
    I2C1_EV_IRQHandler                       0x08000213   Thumb Code     0  startup_stm32f10x_md.o(.text)
    I2C2_ER_IRQHandler                       0x08000213   Thumb Code     0  startup_stm32f10x_md.o(.text)
    I2C2_EV_IRQHandler                       0x08000213   Thumb Code     0  startup_stm32f10x_md.o(.text)
    PVD_IRQHandler                           0x08000213   Thumb Code     0  startup_stm32f10x_md.o(.text)
    RCC_IRQHandler                           0x08000213   Thumb Code     0  startup_stm32f10x_md.o(.text)
    RTCAlarm_IRQHandler                      0x08000213   Thumb Code     0  startup_stm32f10x_md.o(.text)
    RTC_IRQHandler                           0x08000213   Thumb Code     0  startup_stm32f10x_md.o(.text)
    SPI1_IRQHandler                          0x08000213   Thumb Code     0  startup_stm32f10x_md.o(.text)
    SPI2_IRQHandler                          0x08000213   Thumb Code     0  startup_stm32f10x_md.o(.text)
    TAMPER_IRQHandler                        0x08000213   Thumb Code     0  startup_stm32f10x_md.o(.text)
    TIM1_BRK_IRQHandler                      0x08000213   Thumb Code     0  startup_stm32f10x_md.o(.text)
    TIM1_CC_IRQHandler                       0x08000213   Thumb Code     0  startup_stm32f10x_md.o(.text)
    TIM1_TRG_COM_IRQHandler                  0x08000213   Thumb Code     0  startup_stm32f10x_md.o(.text)
    TIM1_UP_IRQHandler                       0x08000213   Thumb Code     0  startup_stm32f10x_md.o(.text)
    TIM2_IRQHandler                          0x08000213   Thumb Code     0  startup_stm32f10x_md.o(.text)
    TIM3_IRQHandler                          0x08000213   Thumb Code     0  startup_stm32f10x_md.o(.text)
    TIM4_IRQHandler                          0x08000213   Thumb Code     0  startup_stm32f10x_md.o(.text)
    USART3_IRQHandler                        0x08000213   Thumb Code     0  startup_stm32f10x_md.o(.text)
    USBWakeUp_IRQHandler                     0x08000213   Thumb Code     0  startup_stm32f10x_md.o(.text)
    USB_HP_CAN1_TX_IRQHandler                0x08000213   Thumb Code     0  startup_stm32f10x_md.o(.text)
    USB_LP_CAN1_RX0_IRQHandler               0x08000213   Thumb Code     0  startup_stm32f10x_md.o(.text)
    WWDG_IRQHandler                          0x08000213   Thumb Code     0  startup_stm32f10x_md.o(.text)
    __user_initial_stackheap                 0x08000215   Thumb Code     0  startup_stm32f10x_md.o(.text)
    __I$use$semihosting                      0x08000239   Thumb Code     0  use_no_semi.o(.text)
    __use_no_semihosting_swi                 0x08000239   Thumb Code     2  use_no_semi.o(.text)
    __2printf                                0x0800023d   Thumb Code    20  noretval__2printf.o(.text)
    __2sprintf                               0x08000255   Thumb Code    34  noretval__2sprintf.o(.text)
    _printf_pre_padding                      0x0800027d   Thumb Code    44  _printf_pad.o(.text)
    _printf_post_padding                     0x080002a9   Thumb Code    34  _printf_pad.o(.text)
    _printf_str                              0x080002cb   Thumb Code    82  _printf_str.o(.text)
    _printf_int_dec                          0x0800031d   Thumb Code   104  _printf_dec.o(.text)
    __printf                                 0x08000395   Thumb Code   270  __printf_wp.o(.text)
    atoi                                     0x080004a3   Thumb Code    26  atoi.o(.text)
    strtok                                   0x080004bd   Thumb Code     6  strtok.o(.text)
    strstr                                   0x080004c9   Thumb Code    36  strstr.o(.text)
    __aeabi_memcpy4                          0x080004ed   Thumb Code     0  rt_memcpy_w.o(.text)
    __aeabi_memcpy8                          0x080004ed   Thumb Code     0  rt_memcpy_w.o(.text)
    __rt_memcpy_w                            0x080004ed   Thumb Code   100  rt_memcpy_w.o(.text)
    _memcpy_lastbytes_aligned                0x08000535   Thumb Code     0  rt_memcpy_w.o(.text)
    __aeabi_memclr4                          0x08000551   Thumb Code     0  rt_memclr_w.o(.text)
    __aeabi_memclr8                          0x08000551   Thumb Code     0  rt_memclr_w.o(.text)
    __rt_memclr_w                            0x08000551   Thumb Code    78  rt_memclr_w.o(.text)
    _memset_w                                0x08000555   Thumb Code     0  rt_memclr_w.o(.text)
    __use_two_region_memory                  0x0800059f   Thumb Code     2  heapauxi.o(.text)
    __rt_heap_escrow$2region                 0x080005a1   Thumb Code     2  heapauxi.o(.text)
    __rt_heap_expand$2region                 0x080005a3   Thumb Code     2  heapauxi.o(.text)
    __aeabi_errno_addr                       0x080005a5   Thumb Code     8  rt_errno_addr_intlibspace.o(.text)
    __errno$intlibspace                      0x080005a5   Thumb Code     0  rt_errno_addr_intlibspace.o(.text)
    __rt_errno_addr$intlibspace              0x080005a5   Thumb Code     0  rt_errno_addr_intlibspace.o(.text)
    _printf_int_common                       0x080005ad   Thumb Code   178  _printf_intcommon.o(.text)
    __lib_sel_fp_printf                      0x0800065f   Thumb Code     2  _printf_fp_dec.o(.text)
    _printf_fp_dec_real                      0x08000811   Thumb Code   620  _printf_fp_dec.o(.text)
    _printf_char_common                      0x08000a87   Thumb Code    32  _printf_char_common.o(.text)
    _sputc                                   0x08000aad   Thumb Code    10  _sputc.o(.text)
    _printf_cs_common                        0x08000ab7   Thumb Code    20  _printf_char.o(.text)
    _printf_char                             0x08000acb   Thumb Code    16  _printf_char.o(.text)
    _printf_string                           0x08000adb   Thumb Code     8  _printf_char.o(.text)
    _printf_char_file                        0x08000ae5   Thumb Code    32  _printf_char_file.o(.text)
    strtol                                   0x08000b09   Thumb Code   112  strtol.o(.text)
    __strtok_internal                        0x08000b79   Thumb Code    64  strtok_int.o(.text)
    __user_libspace                          0x08000bbd   Thumb Code     8  libspace.o(.text)
    __user_perproc_libspace                  0x08000bbd   Thumb Code     0  libspace.o(.text)
    __user_perthread_libspace                0x08000bbd   Thumb Code     0  libspace.o(.text)
    __rt_ctype_table                         0x08000bc5   Thumb Code    16  rt_ctype_table.o(.text)
    __rt_locale                              0x08000bd5   Thumb Code     8  rt_locale_intlibspace.o(.text)
    _ll_udiv10                               0x08000bdd   Thumb Code   138  lludiv10.o(.text)
    _printf_fp_infnan                        0x08000c69   Thumb Code   112  _printf_fp_infnan.o(.text)
    _strtoul                                 0x08000ce9   Thumb Code   158  _strtoul.o(.text)
    _btod_etento                             0x08000d89   Thumb Code   224  bigflt0.o(.text)
    ferror                                   0x08000e6d   Thumb Code     8  ferror.o(.text)
    strcspn                                  0x08000e75   Thumb Code    32  strcspn.o(.text)
    strspn                                   0x08000e95   Thumb Code    28  strspn.o(.text)
    __user_setup_stackheap                   0x08000eb1   Thumb Code    74  sys_stackheap_outer.o(.text)
    _chval                                   0x08000efb   Thumb Code    28  _chval.o(.text)
    exit                                     0x08000f17   Thumb Code    18  exit.o(.text)
    strcmp                                   0x08000f29   Thumb Code   128  strcmpv7m.o(.text)
    _btod_d2e                                0x08000fa9   Thumb Code    62  btod.o(CL$$btod_d2e)
    _d2e_denorm_low                          0x08000fe7   Thumb Code    70  btod.o(CL$$btod_d2e_denorm_low)
    _d2e_norm_op1                            0x0800102d   Thumb Code    96  btod.o(CL$$btod_d2e_norm_op1)
    __btod_div_common                        0x0800108d   Thumb Code   696  btod.o(CL$$btod_div_common)
    _e2e                                     0x080013c5   Thumb Code   220  btod.o(CL$$btod_e2e)
    _btod_ediv                               0x080014a1   Thumb Code    42  btod.o(CL$$btod_ediv)
    _btod_emul                               0x080014cb   Thumb Code    42  btod.o(CL$$btod_emul)
    __btod_mult_common                       0x080014f5   Thumb Code   580  btod.o(CL$$btod_mult_common)
    ADC_Cmd                                  0x08001739   Thumb Code    20  stm32f10x_adc.o(i.ADC_Cmd)
    ADC_DeInit                               0x0800174d   Thumb Code    56  stm32f10x_adc.o(i.ADC_DeInit)
    ADC_GetCalibrationStatus                 0x08001791   Thumb Code    14  stm32f10x_adc.o(i.ADC_GetCalibrationStatus)
    ADC_GetConversionValue                   0x0800179f   Thumb Code     6  stm32f10x_adc.o(i.ADC_GetConversionValue)
    ADC_GetFlagStatus                        0x080017a5   Thumb Code    14  stm32f10x_adc.o(i.ADC_GetFlagStatus)
    ADC_GetResetCalibrationStatus            0x080017b3   Thumb Code    14  stm32f10x_adc.o(i.ADC_GetResetCalibrationStatus)
    ADC_Init                                 0x080017c1   Thumb Code    62  stm32f10x_adc.o(i.ADC_Init)
    ADC_RegularChannelConfig                 0x08001809   Thumb Code   116  stm32f10x_adc.o(i.ADC_RegularChannelConfig)
    ADC_ResetCalibration                     0x0800187d   Thumb Code    10  stm32f10x_adc.o(i.ADC_ResetCalibration)
    ADC_SoftwareStartConvCmd                 0x08001887   Thumb Code    20  stm32f10x_adc.o(i.ADC_SoftwareStartConvCmd)
    ADC_StartCalibration                     0x0800189b   Thumb Code    10  stm32f10x_adc.o(i.ADC_StartCalibration)
    Adc_Init                                 0x080018a5   Thumb Code   126  adc.o(i.Adc_Init)
    BEEP_Init                                0x0800192d   Thumb Code    48  beep.o(i.BEEP_Init)
    BusFault_Handler                         0x08001961   Thumb Code     2  stm32f10x_it.o(i.BusFault_Handler)
    DTH11_display                            0x08001965   Thumb Code   158  dht11.o(i.DTH11_display)
    DebugMon_Handler                         0x08001a1d   Thumb Code     2  stm32f10x_it.o(i.DebugMon_Handler)
    EXTI0_IRQHandler                         0x08001a1f   Thumb Code    40  key.o(i.EXTI0_IRQHandler)
    EXTI_ClearITPendingBit                   0x08001a49   Thumb Code     6  stm32f10x_exti.o(i.EXTI_ClearITPendingBit)
    EXTI_GetITStatus                         0x08001a55   Thumb Code    28  stm32f10x_exti.o(i.EXTI_GetITStatus)
    EXTI_Init                                0x08001a75   Thumb Code   108  stm32f10x_exti.o(i.EXTI_Init)
    GPIO_EXTILineConfig                      0x08001ae5   Thumb Code    34  stm32f10x_gpio.o(i.GPIO_EXTILineConfig)
    GPIO_Init                                0x08001b0d   Thumb Code   156  stm32f10x_gpio.o(i.GPIO_Init)
    GPIO_ReadInputDataBit                    0x08001ba9   Thumb Code    14  stm32f10x_gpio.o(i.GPIO_ReadInputDataBit)
    GPIO_ResetBits                           0x08001bb7   Thumb Code     4  stm32f10x_gpio.o(i.GPIO_ResetBits)
    GPIO_SetBits                             0x08001bbb   Thumb Code     4  stm32f10x_gpio.o(i.GPIO_SetBits)
    Get_Adc                                  0x08001bc1   Thumb Code    46  adc.o(i.Get_Adc)
    Get_Adc_Average                          0x08001bf5   Thumb Code    80  adc.o(i.Get_Adc_Average)
    HARDWARE_Init                            0x08001c55   Thumb Code    66  main.o(i.HARDWARE_Init)
    HardFault_Handler                        0x08001c97   Thumb Code     2  stm32f10x_it.o(i.HardFault_Handler)
    I2C_Start                                0x08001c99   Thumb Code    52  oled.o(i.I2C_Start)
    I2C_Stop                                 0x08001cd1   Thumb Code    36  oled.o(i.I2C_Stop)
    I2C_WaitAck                              0x08001cf9   Thumb Code    44  oled.o(i.I2C_WaitAck)
    IIC_delay                                0x08001d29   Thumb Code    10  oled.o(i.IIC_delay)
    KEY_EXTIX_Init                           0x08001d35   Thumb Code    90  key.o(i.KEY_EXTIX_Init)
    LED_GPIO_Config                          0x08001d99   Thumb Code    50  led.o(i.LED_GPIO_Config)
    MOTOR_Init                               0x08001dd1   Thumb Code    48  motor.o(i.MOTOR_Init)
    MemManage_Handler                        0x08001e09   Thumb Code     2  stm32f10x_it.o(i.MemManage_Handler)
    NMI_Handler                              0x08001e0b   Thumb Code     2  stm32f10x_it.o(i.NMI_Handler)
    NVIC_Init                                0x08001e0d   Thumb Code    94  misc.o(i.NVIC_Init)
    NVIC_PriorityGroupConfig                 0x08001e71   Thumb Code    10  misc.o(i.NVIC_PriorityGroupConfig)
    OLED_Clear                               0x08001e85   Thumb Code    38  oled.o(i.OLED_Clear)
    OLED_DrawPoint                           0x08001eb1   Thumb Code    40  oled.o(i.OLED_DrawPoint)
    OLED_Init                                0x08001edd   Thumb Code   316  oled.o(i.OLED_Init)
    OLED_Pow                                 0x08002021   Thumb Code    16  oled.o(i.OLED_Pow)
    OLED_Refresh                             0x08002031   Thumb Code    96  oled.o(i.OLED_Refresh)
    OLED_ShowChar                            0x08002095   Thumb Code   202  oled.o(i.OLED_ShowChar)
    OLED_ShowChinese                         0x08002171   Thumb Code   178  oled.o(i.OLED_ShowChinese)
    OLED_ShowNum                             0x08002231   Thumb Code   110  oled.o(i.OLED_ShowNum)
    OLED_ShowPicture                         0x0800229f   Thumb Code   154  oled.o(i.OLED_ShowPicture)
    OLED_ShowString                          0x08002339   Thumb Code    60  oled.o(i.OLED_ShowString)
    OLED_WR_Byte                             0x08002375   Thumb Code    54  oled.o(i.OLED_WR_Byte)
    PendSV_Handler                           0x080023ab   Thumb Code     2  stm32f10x_it.o(i.PendSV_Handler)
    RCC_ADCCLKConfig                         0x080023ad   Thumb Code    14  stm32f10x_rcc.o(i.RCC_ADCCLKConfig)
    RCC_APB1PeriphClockCmd                   0x080023c1   Thumb Code    18  stm32f10x_rcc.o(i.RCC_APB1PeriphClockCmd)
    RCC_APB2PeriphClockCmd                   0x080023d9   Thumb Code    18  stm32f10x_rcc.o(i.RCC_APB2PeriphClockCmd)
    RCC_APB2PeriphResetCmd                   0x080023f1   Thumb Code    18  stm32f10x_rcc.o(i.RCC_APB2PeriphResetCmd)
    RCC_GetClocksFreq                        0x08002409   Thumb Code   132  stm32f10x_rcc.o(i.RCC_GetClocksFreq)
    SVC_Handler                              0x0800249d   Thumb Code     2  stm32f10x_it.o(i.SVC_Handler)
    Send_Byte                                0x080024a1   Thumb Code    66  oled.o(i.Send_Byte)
    ShowLog                                  0x08002591   Thumb Code   154  main.o(i.ShowLog)
    Sound                                    0x08002639   Thumb Code    52  beep.o(i.Sound)
    SysTick_CLKSourceConfig                  0x08002675   Thumb Code    24  misc.o(i.SysTick_CLKSourceConfig)
    SysTick_Handler                          0x0800268d   Thumb Code     2  stm32f10x_it.o(i.SysTick_Handler)
    SystemInit                               0x08002691   Thumb Code    64  system_stm32f10x.o(i.SystemInit)
    USART1_IRQHandler                        0x080026e1   Thumb Code    88  usart2.o(i.USART1_IRQHandler)
    USART2_IRQHandler                        0x08002745   Thumb Code    98  usart2.o(i.USART2_IRQHandler)
    USART_ClearFlag                          0x080027b9   Thumb Code     6  stm32f10x_usart.o(i.USART_ClearFlag)
    USART_ClearITPendingBit                  0x080027bf   Thumb Code    12  stm32f10x_usart.o(i.USART_ClearITPendingBit)
    USART_Cmd                                0x080027cb   Thumb Code    20  stm32f10x_usart.o(i.USART_Cmd)
    USART_GetFlagStatus                      0x080027df   Thumb Code    14  stm32f10x_usart.o(i.USART_GetFlagStatus)
    USART_GetITStatus                        0x080027ed   Thumb Code    62  stm32f10x_usart.o(i.USART_GetITStatus)
    USART_ITConfig                           0x0800282b   Thumb Code    48  stm32f10x_usart.o(i.USART_ITConfig)
    USART_Init                               0x0800285d   Thumb Code   166  stm32f10x_usart.o(i.USART_Init)
    USART_ReceiveData                        0x08002909   Thumb Code     8  stm32f10x_usart.o(i.USART_ReceiveData)
    USART_SendData                           0x08002911   Thumb Code     8  stm32f10x_usart.o(i.USART_SendData)
    UsageFault_Handler                       0x08002919   Thumb Code     2  stm32f10x_it.o(i.UsageFault_Handler)
    __ARM_fpclassify                         0x0800291b   Thumb Code    40  fpclassify.o(i.__ARM_fpclassify)
    _is_digit                                0x08002943   Thumb Code    14  __printf_wp.o(i._is_digit)
    _sys_exit                                0x08002951   Thumb Code     2  usart2.o(i._sys_exit)
    adc_display                              0x08002955   Thumb Code   198  adc.o(i.adc_display)
    beep_on1                                 0x08002a4d   Thumb Code    94  beep.o(i.beep_on1)
    delay_init                               0x08002ac9   Thumb Code    46  delay.o(i.delay_init)
    delay_ms                                 0x08002b05   Thumb Code    46  delay.o(i.delay_ms)
    delay_us                                 0x08002b39   Thumb Code    46  delay.o(i.delay_us)
    dht11_get_val                            0x08002b6d   Thumb Code   138  dht11.o(i.dht11_get_val)
    dht11_gpio_input                         0x08002c35   Thumb Code    34  dht11.o(i.dht11_gpio_input)
    dht11_gpio_output                        0x08002c5d   Thumb Code    40  dht11.o(i.dht11_gpio_output)
    dht11_init                               0x08002c89   Thumb Code    26  dht11.o(i.dht11_init)
    dht11_read_bit                           0x08002ca9   Thumb Code    58  dht11.o(i.dht11_read_bit)
    dht11_read_byte                          0x08002ce9   Thumb Code    30  dht11.o(i.dht11_read_byte)
    dht11_read_data                          0x08002d09   Thumb Code    98  dht11.o(i.dht11_read_data)
    dht11_reset                              0x08002d71   Thumb Code    48  dht11.o(i.dht11_reset)
    dht11_scan                               0x08002da5   Thumb Code    10  dht11.o(i.dht11_scan)
    fputc                                    0x08002db5   Thumb Code    38  usart2.o(i.fputc)
    main                                     0x08002de1   Thumb Code    52  main.o(i.main)
    motor_off                                0x08002e31   Thumb Code    10  motor.o(i.motor_off)
    motor_on                                 0x08002e41   Thumb Code    10  motor.o(i.motor_on)
    usart1_init                              0x08002e51   Thumb Code   134  usart2.o(i.usart1_init)
    usart2_ctl                               0x08002ee9   Thumb Code   186  usart2.o(i.usart2_ctl)
    usart2_init                              0x08003015   Thumb Code   130  usart2.o(i.usart2_init)
    usart2_send_str                          0x080030a9   Thumb Code    44  usart2.o(i.usart2_send_str)
    water                                    0x080030d9   Thumb Code    70  motor.o(i.water)
    _get_lc_numeric                          0x0800312d   Thumb Code    44  lc_numeric_c.o(locale$$code)
    _get_lc_ctype                            0x08003159   Thumb Code    44  lc_ctype_c.o(locale$$code)
    __fpl_dretinf                            0x08003185   Thumb Code    12  dretinf.o(x$fpl$dretinf)
    __aeabi_f2d                              0x08003191   Thumb Code     0  f2d.o(x$fpl$f2d)
    _f2d                                     0x08003191   Thumb Code    86  f2d.o(x$fpl$f2d)
    __aeabi_fadd                             0x080031e9   Thumb Code     0  faddsub_clz.o(x$fpl$fadd)
    _fadd                                    0x080031e9   Thumb Code   196  faddsub_clz.o(x$fpl$fadd)
    __aeabi_fdiv                             0x080032ad   Thumb Code     0  fdiv.o(x$fpl$fdiv)
    _fdiv                                    0x080032ad   Thumb Code   384  fdiv.o(x$fpl$fdiv)
    __aeabi_f2iz                             0x08003431   Thumb Code     0  ffix.o(x$fpl$ffix)
    _ffix                                    0x08003431   Thumb Code    54  ffix.o(x$fpl$ffix)
    __aeabi_ui2f                             0x08003469   Thumb Code     0  fflt_clz.o(x$fpl$ffltu)
    _ffltu                                   0x08003469   Thumb Code    38  fflt_clz.o(x$fpl$ffltu)
    __aeabi_fmul                             0x08003491   Thumb Code     0  fmul.o(x$fpl$fmul)
    _fmul                                    0x08003491   Thumb Code   258  fmul.o(x$fpl$fmul)
    __fpl_fnaninf                            0x08003593   Thumb Code   140  fnaninf.o(x$fpl$fnaninf)
    __fpl_fretinf                            0x0800361f   Thumb Code    10  fretinf.o(x$fpl$fretinf)
    __aeabi_fsub                             0x08003629   Thumb Code     0  faddsub_clz.o(x$fpl$fsub)
    _fsub                                    0x08003629   Thumb Code   234  faddsub_clz.o(x$fpl$fsub)
    _printf_fp_dec                           0x08003713   Thumb Code     4  printf1.o(x$fpl$printf1)
    __I$use$fp                               0x08003716   Number         0  usenofp.o(x$fpl$usenofp)
    asc2_0806                                0x08003716   Data         552  oled.o(.constdata)
    asc2_1206                                0x0800393e   Data        1140  oled.o(.constdata)
    asc2_1608                                0x08003db2   Data        1520  oled.o(.constdata)
    asc2_2412                                0x080043a2   Data        3420  oled.o(.constdata)
    Hzk1                                     0x080050fe   Data         512  oled.o(.constdata)
    Hzk2                                     0x080052fe   Data         216  oled.o(.constdata)
    Hzk3                                     0x080053d6   Data         128  oled.o(.constdata)
    Hzk4                                     0x08005456   Data         512  oled.o(.constdata)
    Region$$Table$$Base                      0x08005740   Number         0  anon$$obj.o(Region$$Table)
    Region$$Table$$Limit                     0x08005760   Number         0  anon$$obj.o(Region$$Table)
    __ctype                                  0x08005789   Data           0  lc_ctype_c.o(locale$$data)
    SystemCoreClock                          0x20000000   Data           4  system_stm32f10x.o(.data)
    AHBPrescTable                            0x20000004   Data          16  system_stm32f10x.o(.data)
    GPIO_InitStructure                       0x20000014   Data           4  key.o(.data)
    NVIC_InitStructure                       0x20000018   Data           4  key.o(.data)
    EXTI_InitStructure                       0x2000001c   Data           8  key.o(.data)
    water_set                                0x20000038   Data           4  usart2.o(.data)
    __stdout                                 0x2000003c   Data           4  usart2.o(.data)
    shidu                                    0x20000040   Data           4  adc.o(.data)
    shidu1                                   0x20000044   Data           4  adc.o(.data)
    temp_avrg                                0x20000048   Data           4  adc.o(.data)
    DHT11Data                                0x2000004c   Data           5  dht11.o(.data)
    buffer                                   0x20000051   Data           5  dht11.o(.data)
    BMP1                                     0x20000056   Data        1024  motor.o(.data)
    OLED_GRAM                                0x20000474   Data        1152  oled.o(.bss)
    __libspace_start                         0x20000924   Data          96  libspace.o(.bss)
    __temporary_stack_top$libspace           0x20000984   Data           0  libspace.o(.bss)



==============================================================================

Memory Map of the image

  Image Entry point : 0x080001f9

  Load Region LR_1 (Base: 0x08000000, Size: 0x00005d00, Max: 0xffffffff, ABSOLUTE, COMPRESSED[0x00005a00])

    Execution Region ER_RO (Exec base: 0x08000000, Load base: 0x08000000, Size: 0x0000588c, Max: 0xffffffff, ABSOLUTE)

    Exec Addr    Load Addr    Size         Type   Attr      Idx    E Section Name        Object

    0x08000000   0x08000000   0x000000ec   Data   RO          796    RESET               startup_stm32f10x_md.o
    0x080000ec   0x080000ec   0x00000008   Code   RO         2448  * !!!main             c_w.l(__main.o)
    0x080000f4   0x080000f4   0x00000034   Code   RO         2720    !!!scatter          c_w.l(__scatter.o)
    0x08000128   0x08000128   0x0000005a   Code   RO         2718    !!dczerorl2         c_w.l(__dczerorl2.o)
    0x08000182   0x08000182   0x00000002   PAD
    0x08000184   0x08000184   0x0000001c   Code   RO         2722    !!handler_zi        c_w.l(__scatter_zi.o)
    0x080001a0   0x080001a0   0x00000000   Code   RO         2434    .ARM.Collect$$_printf_percent$$00000000  c_w.l(_printf_percent.o)
    0x080001a0   0x080001a0   0x00000006   Code   RO         2433    .ARM.Collect$$_printf_percent$$00000003  c_w.l(_printf_f.o)
    0x080001a6   0x080001a6   0x00000006   Code   RO         2432    .ARM.Collect$$_printf_percent$$00000009  c_w.l(_printf_d.o)
    0x080001ac   0x080001ac   0x00000006   Code   RO         2431    .ARM.Collect$$_printf_percent$$00000014  c_w.l(_printf_s.o)
    0x080001b2   0x080001b2   0x00000004   Code   RO         2494    .ARM.Collect$$_printf_percent$$00000017  c_w.l(_printf_percent_end.o)
    0x080001b6   0x080001b6   0x00000002   Code   RO         2595    .ARM.Collect$$libinit$$00000000  c_w.l(libinit.o)
    0x080001b8   0x080001b8   0x00000000   Code   RO         2597    .ARM.Collect$$libinit$$00000002  c_w.l(libinit2.o)
    0x080001b8   0x080001b8   0x00000000   Code   RO         2599    .ARM.Collect$$libinit$$00000004  c_w.l(libinit2.o)
    0x080001b8   0x080001b8   0x00000000   Code   RO         2602    .ARM.Collect$$libinit$$0000000A  c_w.l(libinit2.o)
    0x080001b8   0x080001b8   0x00000000   Code   RO         2604    .ARM.Collect$$libinit$$0000000C  c_w.l(libinit2.o)
    0x080001b8   0x080001b8   0x00000000   Code   RO         2606    .ARM.Collect$$libinit$$0000000E  c_w.l(libinit2.o)
    0x080001b8   0x080001b8   0x00000006   Code   RO         2607    .ARM.Collect$$libinit$$0000000F  c_w.l(libinit2.o)
    0x080001be   0x080001be   0x00000000   Code   RO         2609    .ARM.Collect$$libinit$$00000011  c_w.l(libinit2.o)
    0x080001be   0x080001be   0x0000000c   Code   RO         2610    .ARM.Collect$$libinit$$00000012  c_w.l(libinit2.o)
    0x080001ca   0x080001ca   0x00000000   Code   RO         2611    .ARM.Collect$$libinit$$00000013  c_w.l(libinit2.o)
    0x080001ca   0x080001ca   0x00000000   Code   RO         2613    .ARM.Collect$$libinit$$00000015  c_w.l(libinit2.o)
    0x080001ca   0x080001ca   0x0000000a   Code   RO         2614    .ARM.Collect$$libinit$$00000016  c_w.l(libinit2.o)
    0x080001d4   0x080001d4   0x00000000   Code   RO         2615    .ARM.Collect$$libinit$$00000017  c_w.l(libinit2.o)
    0x080001d4   0x080001d4   0x00000000   Code   RO         2617    .ARM.Collect$$libinit$$00000019  c_w.l(libinit2.o)
    0x080001d4   0x080001d4   0x00000000   Code   RO         2619    .ARM.Collect$$libinit$$0000001B  c_w.l(libinit2.o)
    0x080001d4   0x080001d4   0x00000000   Code   RO         2621    .ARM.Collect$$libinit$$0000001D  c_w.l(libinit2.o)
    0x080001d4   0x080001d4   0x00000000   Code   RO         2623    .ARM.Collect$$libinit$$0000001F  c_w.l(libinit2.o)
    0x080001d4   0x080001d4   0x00000000   Code   RO         2625    .ARM.Collect$$libinit$$00000021  c_w.l(libinit2.o)
    0x080001d4   0x080001d4   0x00000000   Code   RO         2627    .ARM.Collect$$libinit$$00000023  c_w.l(libinit2.o)
    0x080001d4   0x080001d4   0x00000000   Code   RO         2629    .ARM.Collect$$libinit$$00000025  c_w.l(libinit2.o)
    0x080001d4   0x080001d4   0x00000000   Code   RO         2633    .ARM.Collect$$libinit$$0000002C  c_w.l(libinit2.o)
    0x080001d4   0x080001d4   0x00000000   Code   RO         2635    .ARM.Collect$$libinit$$0000002E  c_w.l(libinit2.o)
    0x080001d4   0x080001d4   0x00000000   Code   RO         2637    .ARM.Collect$$libinit$$00000030  c_w.l(libinit2.o)
    0x080001d4   0x080001d4   0x00000000   Code   RO         2639    .ARM.Collect$$libinit$$00000032  c_w.l(libinit2.o)
    0x080001d4   0x080001d4   0x00000002   Code   RO         2640    .ARM.Collect$$libinit$$00000033  c_w.l(libinit2.o)
    0x080001d6   0x080001d6   0x00000002   Code   RO         2668    .ARM.Collect$$libshutdown$$00000000  c_w.l(libshutdown.o)
    0x080001d8   0x080001d8   0x00000000   Code   RO         2677    .ARM.Collect$$libshutdown$$00000002  c_w.l(libshutdown2.o)
    0x080001d8   0x080001d8   0x00000000   Code   RO         2679    .ARM.Collect$$libshutdown$$00000004  c_w.l(libshutdown2.o)
    0x080001d8   0x080001d8   0x00000000   Code   RO         2682    .ARM.Collect$$libshutdown$$00000007  c_w.l(libshutdown2.o)
    0x080001d8   0x080001d8   0x00000000   Code   RO         2685    .ARM.Collect$$libshutdown$$0000000A  c_w.l(libshutdown2.o)
    0x080001d8   0x080001d8   0x00000000   Code   RO         2687    .ARM.Collect$$libshutdown$$0000000C  c_w.l(libshutdown2.o)
    0x080001d8   0x080001d8   0x00000000   Code   RO         2690    .ARM.Collect$$libshutdown$$0000000F  c_w.l(libshutdown2.o)
    0x080001d8   0x080001d8   0x00000002   Code   RO         2691    .ARM.Collect$$libshutdown$$00000010  c_w.l(libshutdown2.o)
    0x080001da   0x080001da   0x00000000   Code   RO         2476    .ARM.Collect$$rtentry$$00000000  c_w.l(__rtentry.o)
    0x080001da   0x080001da   0x00000000   Code   RO         2510    .ARM.Collect$$rtentry$$00000002  c_w.l(__rtentry2.o)
    0x080001da   0x080001da   0x00000006   Code   RO         2522    .ARM.Collect$$rtentry$$00000004  c_w.l(__rtentry4.o)
    0x080001e0   0x080001e0   0x00000000   Code   RO         2512    .ARM.Collect$$rtentry$$00000009  c_w.l(__rtentry2.o)
    0x080001e0   0x080001e0   0x00000004   Code   RO         2513    .ARM.Collect$$rtentry$$0000000A  c_w.l(__rtentry2.o)
    0x080001e4   0x080001e4   0x00000000   Code   RO         2515    .ARM.Collect$$rtentry$$0000000C  c_w.l(__rtentry2.o)
    0x080001e4   0x080001e4   0x00000008   Code   RO         2516    .ARM.Collect$$rtentry$$0000000D  c_w.l(__rtentry2.o)
    0x080001ec   0x080001ec   0x00000002   Code   RO         2641    .ARM.Collect$$rtexit$$00000000  c_w.l(rtexit.o)
    0x080001ee   0x080001ee   0x00000000   Code   RO         2648    .ARM.Collect$$rtexit$$00000002  c_w.l(rtexit2.o)
    0x080001ee   0x080001ee   0x00000004   Code   RO         2649    .ARM.Collect$$rtexit$$00000003  c_w.l(rtexit2.o)
    0x080001f2   0x080001f2   0x00000006   Code   RO         2650    .ARM.Collect$$rtexit$$00000004  c_w.l(rtexit2.o)
    0x080001f8   0x080001f8   0x00000040   Code   RO          797  * .text               startup_stm32f10x_md.o
    0x08000238   0x08000238   0x00000002   Code   RO         2393    .text               c_w.l(use_no_semi.o)
    0x0800023a   0x0800023a   0x00000002   PAD
    0x0800023c   0x0800023c   0x00000018   Code   RO         2399    .text               c_w.l(noretval__2printf.o)
    0x08000254   0x08000254   0x00000028   Code   RO         2401    .text               c_w.l(noretval__2sprintf.o)
    0x0800027c   0x0800027c   0x0000004e   Code   RO         2405    .text               c_w.l(_printf_pad.o)
    0x080002ca   0x080002ca   0x00000052   Code   RO         2407    .text               c_w.l(_printf_str.o)
    0x0800031c   0x0800031c   0x00000078   Code   RO         2409    .text               c_w.l(_printf_dec.o)
    0x08000394   0x08000394   0x0000010e   Code   RO         2419    .text               c_w.l(__printf_wp.o)
    0x080004a2   0x080004a2   0x0000001a   Code   RO         2435    .text               c_w.l(atoi.o)
    0x080004bc   0x080004bc   0x0000000c   Code   RO         2437    .text               c_w.l(strtok.o)
    0x080004c8   0x080004c8   0x00000024   Code   RO         2440    .text               c_w.l(strstr.o)
    0x080004ec   0x080004ec   0x00000064   Code   RO         2442    .text               c_w.l(rt_memcpy_w.o)
    0x08000550   0x08000550   0x0000004e   Code   RO         2444    .text               c_w.l(rt_memclr_w.o)
    0x0800059e   0x0800059e   0x00000006   Code   RO         2446    .text               c_w.l(heapauxi.o)
    0x080005a4   0x080005a4   0x00000008   Code   RO         2480    .text               c_w.l(rt_errno_addr_intlibspace.o)
    0x080005ac   0x080005ac   0x000000b2   Code   RO         2482    .text               c_w.l(_printf_intcommon.o)
    0x0800065e   0x0800065e   0x0000041e   Code   RO         2484    .text               c_w.l(_printf_fp_dec.o)
    0x08000a7c   0x08000a7c   0x00000030   Code   RO         2486    .text               c_w.l(_printf_char_common.o)
    0x08000aac   0x08000aac   0x0000000a   Code   RO         2488    .text               c_w.l(_sputc.o)
    0x08000ab6   0x08000ab6   0x0000002c   Code   RO         2490    .text               c_w.l(_printf_char.o)
    0x08000ae2   0x08000ae2   0x00000002   PAD
    0x08000ae4   0x08000ae4   0x00000024   Code   RO         2492    .text               c_w.l(_printf_char_file.o)
    0x08000b08   0x08000b08   0x00000070   Code   RO         2495    .text               c_w.l(strtol.o)
    0x08000b78   0x08000b78   0x00000044   Code   RO         2497    .text               c_w.l(strtok_int.o)
    0x08000bbc   0x08000bbc   0x00000008   Code   RO         2506    .text               c_w.l(libspace.o)
    0x08000bc4   0x08000bc4   0x00000010   Code   RO         2524    .text               c_w.l(rt_ctype_table.o)
    0x08000bd4   0x08000bd4   0x00000008   Code   RO         2529    .text               c_w.l(rt_locale_intlibspace.o)
    0x08000bdc   0x08000bdc   0x0000008a   Code   RO         2531    .text               c_w.l(lludiv10.o)
    0x08000c66   0x08000c66   0x00000002   PAD
    0x08000c68   0x08000c68   0x00000080   Code   RO         2533    .text               c_w.l(_printf_fp_infnan.o)
    0x08000ce8   0x08000ce8   0x0000009e   Code   RO         2537    .text               c_w.l(_strtoul.o)
    0x08000d86   0x08000d86   0x00000002   PAD
    0x08000d88   0x08000d88   0x000000e4   Code   RO         2539    .text               c_w.l(bigflt0.o)
    0x08000e6c   0x08000e6c   0x00000008   Code   RO         2564    .text               c_w.l(ferror.o)
    0x08000e74   0x08000e74   0x00000020   Code   RO         2571    .text               c_w.l(strcspn.o)
    0x08000e94   0x08000e94   0x0000001c   Code   RO         2573    .text               c_w.l(strspn.o)
    0x08000eb0   0x08000eb0   0x0000004a   Code   RO         2579    .text               c_w.l(sys_stackheap_outer.o)
    0x08000efa   0x08000efa   0x0000001c   Code   RO         2581    .text               c_w.l(_chval.o)
    0x08000f16   0x08000f16   0x00000012   Code   RO         2586    .text               c_w.l(exit.o)
    0x08000f28   0x08000f28   0x00000080   Code   RO         2588    .text               c_w.l(strcmpv7m.o)
    0x08000fa8   0x08000fa8   0x0000003e   Code   RO         2542    CL$$btod_d2e        c_w.l(btod.o)
    0x08000fe6   0x08000fe6   0x00000046   Code   RO         2544    CL$$btod_d2e_denorm_low  c_w.l(btod.o)
    0x0800102c   0x0800102c   0x00000060   Code   RO         2543    CL$$btod_d2e_norm_op1  c_w.l(btod.o)
    0x0800108c   0x0800108c   0x00000338   Code   RO         2552    CL$$btod_div_common  c_w.l(btod.o)
    0x080013c4   0x080013c4   0x000000dc   Code   RO         2549    CL$$btod_e2e        c_w.l(btod.o)
    0x080014a0   0x080014a0   0x0000002a   Code   RO         2546    CL$$btod_ediv       c_w.l(btod.o)
    0x080014ca   0x080014ca   0x0000002a   Code   RO         2545    CL$$btod_emul       c_w.l(btod.o)
    0x080014f4   0x080014f4   0x00000244   Code   RO         2551    CL$$btod_mult_common  c_w.l(btod.o)
    0x08001738   0x08001738   0x00000014   Code   RO         1361    i.ADC_Cmd           stm32f10x_adc.o
    0x0800174c   0x0800174c   0x00000044   Code   RO         1363    i.ADC_DeInit        stm32f10x_adc.o
    0x08001790   0x08001790   0x0000000e   Code   RO         1369    i.ADC_GetCalibrationStatus  stm32f10x_adc.o
    0x0800179e   0x0800179e   0x00000006   Code   RO         1370    i.ADC_GetConversionValue  stm32f10x_adc.o
    0x080017a4   0x080017a4   0x0000000e   Code   RO         1372    i.ADC_GetFlagStatus  stm32f10x_adc.o
    0x080017b2   0x080017b2   0x0000000e   Code   RO         1375    i.ADC_GetResetCalibrationStatus  stm32f10x_adc.o
    0x080017c0   0x080017c0   0x00000048   Code   RO         1379    i.ADC_Init          stm32f10x_adc.o
    0x08001808   0x08001808   0x00000074   Code   RO         1383    i.ADC_RegularChannelConfig  stm32f10x_adc.o
    0x0800187c   0x0800187c   0x0000000a   Code   RO         1384    i.ADC_ResetCalibration  stm32f10x_adc.o
    0x08001886   0x08001886   0x00000014   Code   RO         1386    i.ADC_SoftwareStartConvCmd  stm32f10x_adc.o
    0x0800189a   0x0800189a   0x0000000a   Code   RO         1388    i.ADC_StartCalibration  stm32f10x_adc.o
    0x080018a4   0x080018a4   0x00000088   Code   RO          534    i.Adc_Init          adc.o
    0x0800192c   0x0800192c   0x00000034   Code   RO          576    i.BEEP_Init         beep.o
    0x08001960   0x08001960   0x00000002   Code   RO          154    i.BusFault_Handler  stm32f10x_it.o
    0x08001962   0x08001962   0x00000002   PAD
    0x08001964   0x08001964   0x000000b8   Code   RO          622    i.DTH11_display     dht11.o
    0x08001a1c   0x08001a1c   0x00000002   Code   RO          155    i.DebugMon_Handler  stm32f10x_it.o
    0x08001a1e   0x08001a1e   0x00000028   Code   RO          437    i.EXTI0_IRQHandler  key.o
    0x08001a46   0x08001a46   0x00000002   PAD
    0x08001a48   0x08001a48   0x0000000c   Code   RO         1578    i.EXTI_ClearITPendingBit  stm32f10x_exti.o
    0x08001a54   0x08001a54   0x00000020   Code   RO         1582    i.EXTI_GetITStatus  stm32f10x_exti.o
    0x08001a74   0x08001a74   0x00000070   Code   RO         1583    i.EXTI_Init         stm32f10x_exti.o
    0x08001ae4   0x08001ae4   0x00000028   Code   RO          840    i.GPIO_EXTILineConfig  stm32f10x_gpio.o
    0x08001b0c   0x08001b0c   0x0000009c   Code   RO          843    i.GPIO_Init         stm32f10x_gpio.o
    0x08001ba8   0x08001ba8   0x0000000e   Code   RO          847    i.GPIO_ReadInputDataBit  stm32f10x_gpio.o
    0x08001bb6   0x08001bb6   0x00000004   Code   RO          850    i.GPIO_ResetBits    stm32f10x_gpio.o
    0x08001bba   0x08001bba   0x00000004   Code   RO          851    i.GPIO_SetBits      stm32f10x_gpio.o
    0x08001bbe   0x08001bbe   0x00000002   PAD
    0x08001bc0   0x08001bc0   0x00000034   Code   RO          535    i.Get_Adc           adc.o
    0x08001bf4   0x08001bf4   0x00000060   Code   RO          536    i.Get_Adc_Average   adc.o
    0x08001c54   0x08001c54   0x00000042   Code   RO            1    i.HARDWARE_Init     main.o
    0x08001c96   0x08001c96   0x00000002   Code   RO          156    i.HardFault_Handler  stm32f10x_it.o
    0x08001c98   0x08001c98   0x00000038   Code   RO          287    i.I2C_Start         oled.o
    0x08001cd0   0x08001cd0   0x00000028   Code   RO          288    i.I2C_Stop          oled.o
    0x08001cf8   0x08001cf8   0x00000030   Code   RO          289    i.I2C_WaitAck       oled.o
    0x08001d28   0x08001d28   0x0000000a   Code   RO          290    i.IIC_delay         oled.o
    0x08001d32   0x08001d32   0x00000002   PAD
    0x08001d34   0x08001d34   0x00000064   Code   RO          438    i.KEY_EXTIX_Init    key.o
    0x08001d98   0x08001d98   0x00000038   Code   RO          272    i.LED_GPIO_Config   led.o
    0x08001dd0   0x08001dd0   0x00000038   Code   RO          694    i.MOTOR_Init        motor.o
    0x08001e08   0x08001e08   0x00000002   Code   RO          157    i.MemManage_Handler  stm32f10x_it.o
    0x08001e0a   0x08001e0a   0x00000002   Code   RO          158    i.NMI_Handler       stm32f10x_it.o
    0x08001e0c   0x08001e0c   0x00000064   Code   RO          801    i.NVIC_Init         misc.o
    0x08001e70   0x08001e70   0x00000014   Code   RO          802    i.NVIC_PriorityGroupConfig  misc.o
    0x08001e84   0x08001e84   0x0000002c   Code   RO          291    i.OLED_Clear        oled.o
    0x08001eb0   0x08001eb0   0x0000002c   Code   RO          298    i.OLED_DrawPoint    oled.o
    0x08001edc   0x08001edc   0x00000144   Code   RO          299    i.OLED_Init         oled.o
    0x08002020   0x08002020   0x00000010   Code   RO          300    i.OLED_Pow          oled.o
    0x08002030   0x08002030   0x00000064   Code   RO          301    i.OLED_Refresh      oled.o
    0x08002094   0x08002094   0x000000dc   Code   RO          303    i.OLED_ShowChar     oled.o
    0x08002170   0x08002170   0x000000c0   Code   RO          304    i.OLED_ShowChinese  oled.o
    0x08002230   0x08002230   0x0000006e   Code   RO          305    i.OLED_ShowNum      oled.o
    0x0800229e   0x0800229e   0x0000009a   Code   RO          306    i.OLED_ShowPicture  oled.o
    0x08002338   0x08002338   0x0000003c   Code   RO          307    i.OLED_ShowString   oled.o
    0x08002374   0x08002374   0x00000036   Code   RO          308    i.OLED_WR_Byte      oled.o
    0x080023aa   0x080023aa   0x00000002   Code   RO          159    i.PendSV_Handler    stm32f10x_it.o
    0x080023ac   0x080023ac   0x00000014   Code   RO          975    i.RCC_ADCCLKConfig  stm32f10x_rcc.o
    0x080023c0   0x080023c0   0x00000018   Code   RO          977    i.RCC_APB1PeriphClockCmd  stm32f10x_rcc.o
    0x080023d8   0x080023d8   0x00000018   Code   RO          979    i.RCC_APB2PeriphClockCmd  stm32f10x_rcc.o
    0x080023f0   0x080023f0   0x00000018   Code   RO          980    i.RCC_APB2PeriphResetCmd  stm32f10x_rcc.o
    0x08002408   0x08002408   0x00000094   Code   RO          987    i.RCC_GetClocksFreq  stm32f10x_rcc.o
    0x0800249c   0x0800249c   0x00000002   Code   RO          160    i.SVC_Handler       stm32f10x_it.o
    0x0800249e   0x0800249e   0x00000002   PAD
    0x080024a0   0x080024a0   0x00000048   Code   RO          309    i.Send_Byte         oled.o
    0x080024e8   0x080024e8   0x000000a8   Code   RO          243    i.SetSysClockTo72   system_stm32f10x.o
    0x08002590   0x08002590   0x000000a8   Code   RO            2    i.ShowLog           main.o
    0x08002638   0x08002638   0x0000003c   Code   RO          577    i.Sound             beep.o
    0x08002674   0x08002674   0x00000018   Code   RO          805    i.SysTick_CLKSourceConfig  misc.o
    0x0800268c   0x0800268c   0x00000002   Code   RO          161    i.SysTick_Handler   stm32f10x_it.o
    0x0800268e   0x0800268e   0x00000002   PAD
    0x08002690   0x08002690   0x00000050   Code   RO          245    i.SystemInit        system_stm32f10x.o
    0x080026e0   0x080026e0   0x00000064   Code   RO          458    i.USART1_IRQHandler  usart2.o
    0x08002744   0x08002744   0x00000074   Code   RO          459    i.USART2_IRQHandler  usart2.o
    0x080027b8   0x080027b8   0x00000006   Code   RO         1175    i.USART_ClearFlag   stm32f10x_usart.o
    0x080027be   0x080027be   0x0000000c   Code   RO         1176    i.USART_ClearITPendingBit  stm32f10x_usart.o
    0x080027ca   0x080027ca   0x00000014   Code   RO         1179    i.USART_Cmd         stm32f10x_usart.o
    0x080027de   0x080027de   0x0000000e   Code   RO         1182    i.USART_GetFlagStatus  stm32f10x_usart.o
    0x080027ec   0x080027ec   0x0000003e   Code   RO         1183    i.USART_GetITStatus  stm32f10x_usart.o
    0x0800282a   0x0800282a   0x00000030   Code   RO         1185    i.USART_ITConfig    stm32f10x_usart.o
    0x0800285a   0x0800285a   0x00000002   PAD
    0x0800285c   0x0800285c   0x000000ac   Code   RO         1186    i.USART_Init        stm32f10x_usart.o
    0x08002908   0x08002908   0x00000008   Code   RO         1193    i.USART_ReceiveData  stm32f10x_usart.o
    0x08002910   0x08002910   0x00000008   Code   RO         1196    i.USART_SendData    stm32f10x_usart.o
    0x08002918   0x08002918   0x00000002   Code   RO          162    i.UsageFault_Handler  stm32f10x_it.o
    0x0800291a   0x0800291a   0x00000028   Code   RO         2577    i.__ARM_fpclassify  m_ws.l(fpclassify.o)
    0x08002942   0x08002942   0x0000000e   Code   RO         2421    i._is_digit         c_w.l(__printf_wp.o)
    0x08002950   0x08002950   0x00000002   Code   RO          460    i._sys_exit         usart2.o
    0x08002952   0x08002952   0x00000002   PAD
    0x08002954   0x08002954   0x000000f8   Code   RO          537    i.adc_display       adc.o
    0x08002a4c   0x08002a4c   0x0000007c   Code   RO          580    i.beep_on1          beep.o
    0x08002ac8   0x08002ac8   0x0000003c   Code   RO          729    i.delay_init        delay.o
    0x08002b04   0x08002b04   0x00000034   Code   RO          730    i.delay_ms          delay.o
    0x08002b38   0x08002b38   0x00000034   Code   RO          731    i.delay_us          delay.o
    0x08002b6c   0x08002b6c   0x000000c8   Code   RO          623    i.dht11_get_val     dht11.o
    0x08002c34   0x08002c34   0x00000028   Code   RO          624    i.dht11_gpio_input  dht11.o
    0x08002c5c   0x08002c5c   0x0000002c   Code   RO          625    i.dht11_gpio_output  dht11.o
    0x08002c88   0x08002c88   0x00000020   Code   RO          626    i.dht11_init        dht11.o
    0x08002ca8   0x08002ca8   0x00000040   Code   RO          627    i.dht11_read_bit    dht11.o
    0x08002ce8   0x08002ce8   0x0000001e   Code   RO          628    i.dht11_read_byte   dht11.o
    0x08002d06   0x08002d06   0x00000002   PAD
    0x08002d08   0x08002d08   0x00000068   Code   RO          629    i.dht11_read_data   dht11.o
    0x08002d70   0x08002d70   0x00000034   Code   RO          630    i.dht11_reset       dht11.o
    0x08002da4   0x08002da4   0x00000010   Code   RO          631    i.dht11_scan        dht11.o
    0x08002db4   0x08002db4   0x0000002c   Code   RO          462    i.fputc             usart2.o
    0x08002de0   0x08002de0   0x00000050   Code   RO            3    i.main              main.o
    0x08002e30   0x08002e30   0x00000010   Code   RO          695    i.motor_off         motor.o
    0x08002e40   0x08002e40   0x00000010   Code   RO          696    i.motor_on          motor.o
    0x08002e50   0x08002e50   0x00000098   Code   RO          463    i.usart1_init       usart2.o
    0x08002ee8   0x08002ee8   0x0000012c   Code   RO          464    i.usart2_ctl        usart2.o
    0x08003014   0x08003014   0x00000094   Code   RO          465    i.usart2_init       usart2.o
    0x080030a8   0x080030a8   0x00000030   Code   RO          466    i.usart2_send_str   usart2.o
    0x080030d8   0x080030d8   0x00000054   Code   RO          697    i.water             motor.o
    0x0800312c   0x0800312c   0x0000002c   Code   RO         2569    locale$$code        c_w.l(lc_numeric_c.o)
    0x08003158   0x08003158   0x0000002c   Code   RO         2584    locale$$code        c_w.l(lc_ctype_c.o)
    0x08003184   0x08003184   0x0000000c   Code   RO         2499    x$fpl$dretinf       fz_ws.l(dretinf.o)
    0x08003190   0x08003190   0x00000056   Code   RO         2450    x$fpl$f2d           fz_ws.l(f2d.o)
    0x080031e6   0x080031e6   0x00000002   PAD
    0x080031e8   0x080031e8   0x000000c4   Code   RO         2452    x$fpl$fadd          fz_ws.l(faddsub_clz.o)
    0x080032ac   0x080032ac   0x00000184   Code   RO         2459    x$fpl$fdiv          fz_ws.l(fdiv.o)
    0x08003430   0x08003430   0x00000036   Code   RO         2462    x$fpl$ffix          fz_ws.l(ffix.o)
    0x08003466   0x08003466   0x00000002   PAD
    0x08003468   0x08003468   0x00000026   Code   RO         2466    x$fpl$ffltu         fz_ws.l(fflt_clz.o)
    0x0800348e   0x0800348e   0x00000002   PAD
    0x08003490   0x08003490   0x00000102   Code   RO         2472    x$fpl$fmul          fz_ws.l(fmul.o)
    0x08003592   0x08003592   0x0000008c   Code   RO         2501    x$fpl$fnaninf       fz_ws.l(fnaninf.o)
    0x0800361e   0x0800361e   0x0000000a   Code   RO         2503    x$fpl$fretinf       fz_ws.l(fretinf.o)
    0x08003628   0x08003628   0x000000ea   Code   RO         2454    x$fpl$fsub          fz_ws.l(faddsub_clz.o)
    0x08003712   0x08003712   0x00000004   Code   RO         2474    x$fpl$printf1       fz_ws.l(printf1.o)
    0x08003716   0x08003716   0x00000000   Code   RO         2505    x$fpl$usenofp       fz_ws.l(usenofp.o)
    0x08003716   0x08003716   0x00001f40   Data   RO          311    .constdata          oled.o
    0x08005656   0x08005656   0x00000002   PAD
    0x08005658   0x08005658   0x00000054   Data   RO          582    .constdata          beep.o
    0x080056ac   0x080056ac   0x00000094   Data   RO         2540    .constdata          c_w.l(bigflt0.o)
    0x08005740   0x08005740   0x00000020   Data   RO         2716    Region$$Table       anon$$obj.o
    0x08005760   0x08005760   0x0000001c   Data   RO         2568    locale$$data        c_w.l(lc_numeric_c.o)
    0x0800577c   0x0800577c   0x00000110   Data   RO         2583    locale$$data        c_w.l(lc_ctype_c.o)


    Execution Region ER_RW (Exec base: 0x20000000, Load base: 0x0800588c, Size: 0x00000474, Max: 0xffffffff, ABSOLUTE, COMPRESSED[0x00000174])

    Exec Addr    Load Addr    Size         Type   Attr      Idx    E Section Name        Object

    0x20000000   COMPRESSED   0x00000014   Data   RW          246    .data               system_stm32f10x.o
    0x20000014   COMPRESSED   0x00000010   Data   RW          439    .data               key.o
    0x20000024   COMPRESSED   0x00000018   Data   RW          468    .data               usart2.o
    0x2000003c   COMPRESSED   0x00000004   Data   RW          469    .data               usart2.o
    0x20000040   COMPRESSED   0x0000000c   Data   RW          539    .data               adc.o
    0x2000004c   COMPRESSED   0x0000000a   Data   RW          632    .data               dht11.o
    0x20000056   COMPRESSED   0x00000400   Data   RW          698    .data               motor.o
    0x20000456   COMPRESSED   0x00000004   Data   RW          732    .data               delay.o
    0x2000045a   COMPRESSED   0x00000014   Data   RW         1007    .data               stm32f10x_rcc.o
    0x2000046e   COMPRESSED   0x00000002   PAD
    0x20000470   COMPRESSED   0x00000004   Data   RW         2438    .data               c_w.l(strtok.o)


    Execution Region ER_ZI (Exec base: 0x20000474, Load base: 0x08005a00, Size: 0x00000b14, Max: 0xffffffff, ABSOLUTE)

    Exec Addr    Load Addr    Size         Type   Attr      Idx    E Section Name        Object

    0x20000474        -       0x00000480   Zero   RW          310    .bss                oled.o
    0x200008f4        -       0x00000030   Zero   RW          467    .bss                usart2.o
    0x20000924        -       0x00000060   Zero   RW         2507    .bss                c_w.l(libspace.o)
    0x20000984   0x08005a00   0x00000004   PAD
    0x20000988        -       0x00000200   Zero   RW          795    HEAP                startup_stm32f10x_md.o
    0x20000b88        -       0x00000400   Zero   RW          794    STACK               startup_stm32f10x_md.o


==============================================================================

Image component sizes


      Code (inc. data)   RO Data    RW Data    ZI Data      Debug   Object Name

       532         82          0         12          0       2862   adc.o
       236         42         84          0          0       1871   beep.o
       164         26          0          4          0       1907   delay.o
       766        126          0         10          0       7479   dht11.o
       140         10          0         16          0       1519   key.o
        56          6          0          0          0        558   led.o
       314         42          0          0          0     244157   main.o
       144         16          0          0          0       2277   misc.o
       172         34          0       1024          0       3277   motor.o
      1544         72       8000          0       1152      13423   oled.o
        64         26        236          0       1536        848   startup_stm32f10x_md.o
       364         22          0          0          0       9278   stm32f10x_adc.o
       156         14          0          0          0       2416   stm32f10x_exti.o
       218          6          0          0          0       4654   stm32f10x_gpio.o
        18          0          0          0          0       4110   stm32f10x_it.o
       240         40          0         20          0       5958   stm32f10x_rcc.o
       350          6          0          0          0       7981   stm32f10x_usart.o
         0          0          0          0          0         32   sys.o
       248         24          0         20          0       1917   system_stm32f10x.o
       910        190          0         28         48       7483   usart2.o

    ----------------------------------------------------------------------
      6654        784       8354       1136       2736     324007   Object Totals
         0          0         32          0          0          0   (incl. Generated)
        18          0          2          2          0          0   (incl. Padding)

    ----------------------------------------------------------------------

      Code (inc. data)   RO Data    RW Data    ZI Data      Debug   Library Member Name

        90          0          0          0          0          0   __dczerorl2.o
         8          0          0          0          0         68   __main.o
       284          0          0          0          0        156   __printf_wp.o
         0          0          0          0          0          0   __rtentry.o
        12          0          0          0          0          0   __rtentry2.o
         6          0          0          0          0          0   __rtentry4.o
        52          8          0          0          0          0   __scatter.o
        28          0          0          0          0          0   __scatter_zi.o
        28          0          0          0          0         68   _chval.o
        44          0          0          0          0        108   _printf_char.o
        48          6          0          0          0         96   _printf_char_common.o
        36          4          0          0          0         80   _printf_char_file.o
         6          0          0          0          0          0   _printf_d.o
       120         16          0          0          0         92   _printf_dec.o
         6          0          0          0          0          0   _printf_f.o
      1054          0          0          0          0        216   _printf_fp_dec.o
       128         16          0          0          0         84   _printf_fp_infnan.o
       178          0          0          0          0         88   _printf_intcommon.o
        78          0          0          0          0        108   _printf_pad.o
         0          0          0          0          0          0   _printf_percent.o
         4          0          0          0          0          0   _printf_percent_end.o
         6          0          0          0          0          0   _printf_s.o
        82          0          0          0          0         80   _printf_str.o
        10          0          0          0          0         68   _sputc.o
       158          0          0          0          0         92   _strtoul.o
        26          0          0          0          0         80   atoi.o
       228          4        148          0          0         96   bigflt0.o
      1936        128          0          0          0        672   btod.o
        18          0          0          0          0         80   exit.o
         8          0          0          0          0         68   ferror.o
         6          0          0          0          0        152   heapauxi.o
        44         10        272          0          0         76   lc_ctype_c.o
        44         10         28          0          0         76   lc_numeric_c.o
         2          0          0          0          0          0   libinit.o
        30          0          0          0          0          0   libinit2.o
         2          0          0          0          0          0   libshutdown.o
         2          0          0          0          0          0   libshutdown2.o
         8          4          0          0         96         68   libspace.o
       138          0          0          0          0         80   lludiv10.o
        24          4          0          0          0         84   noretval__2printf.o
        40          6          0          0          0         84   noretval__2sprintf.o
        16          4          0          0          0         76   rt_ctype_table.o
         8          4          0          0          0         68   rt_errno_addr_intlibspace.o
         8          4          0          0          0         68   rt_locale_intlibspace.o
        78          0          0          0          0         80   rt_memclr_w.o
       100          0          0          0          0         80   rt_memcpy_w.o
         2          0          0          0          0          0   rtexit.o
        10          0          0          0          0          0   rtexit2.o
       128          0          0          0          0         68   strcmpv7m.o
        32          0          0          0          0         80   strcspn.o
        28          0          0          0          0         80   strspn.o
        36          0          0          0          0         80   strstr.o
        12          6          0          4          0         68   strtok.o
        68          4          0          0          0         84   strtok_int.o
       112          0          0          0          0         88   strtol.o
        74          0          0          0          0         80   sys_stackheap_outer.o
         2          0          0          0          0         68   use_no_semi.o
        12          0          0          0          0         68   dretinf.o
        86          4          0          0          0         84   f2d.o
       430          8          0          0          0        168   faddsub_clz.o
       388         76          0          0          0         96   fdiv.o
        54          4          0          0          0         84   ffix.o
        38          0          0          0          0         68   fflt_clz.o
       258          4          0          0          0         84   fmul.o
       140          4          0          0          0         84   fnaninf.o
        10          0          0          0          0         68   fretinf.o
         4          0          0          0          0         68   printf1.o
         0          0          0          0          0          0   usenofp.o
        40          0          0          0          0         68   fpclassify.o

    ----------------------------------------------------------------------
      7212        338        448          4        100       5028   Library Totals
        16          0          0          0          4          0   (incl. Padding)

    ----------------------------------------------------------------------

      Code (inc. data)   RO Data    RW Data    ZI Data      Debug   Library Name

      5736        238        448          4         96       4088   c_w.l
      1420        100          0          0          0        872   fz_ws.l
        40          0          0          0          0         68   m_ws.l

    ----------------------------------------------------------------------
      7212        338        448          4        100       5028   Library Totals

    ----------------------------------------------------------------------

==============================================================================


      Code (inc. data)   RO Data    RW Data    ZI Data      Debug   

     13866       1122       8802       1140       2836     321075   Grand Totals
     13866       1122       8802        372       2836     321075   ELF Image Totals (compressed)
     13866       1122       8802        372          0          0   ROM Totals

==============================================================================

    Total RO  Size (Code + RO Data)                22668 (  22.14kB)
    Total RW  Size (RW Data + ZI Data)              3976 (   3.88kB)
    Total ROM Size (Code + RO Data + RW Data)      23040 (  22.50kB)

==============================================================================

